Archive member included to satisfy reference by file (symbol)

libs/StdPeriphDriver\libISP573.a(ISP573.o)
                              bin/WinyunqConfigureMouse.o (FLASH_EEPROM_CMD)
libs/LIB\libCH57xBLE.a(message.o)
                              bin/hidmouse.o (tmos_msg_deallocate)
libs/LIB\libCH57xBLE.a(tmos.o)
                              bin/WinyunqConfigureMouse.o (tmos_memcpy)
libs/LIB\libCH57xBLE.a(tmos_hw.o)
                              libs/LIB\libCH57xBLE.a(tmos.o) (RTC_Get32KClock)
libs/LIB\libCH57xBLE.a(tmos_snv.o)
                              libs/LIB\libCH57xBLE.a(tmos.o) (tmos_snv_init)
libs/LIB\libCH57xBLE.a(gap.o)
                              bin/hidmouse.o (GAP_SetParamValue)
libs/LIB\libCH57xBLE.a(gap_central.o)
                              libs/LIB\libCH57xBLE.a(gap.o) (GAP_CentralParamInit)
libs/LIB\libCH57xBLE.a(gap_peripheral.o)
                              libs/LIB\libCH57xBLE.a(gap.o) (GAP_PeripheralParamInit)
libs/LIB\libCH57xBLE.a(gapgattserver.o)
                              bin/hidmouse.o (GGS_SetParameter)
libs/LIB\libCH57xBLE.a(gatt.o)
                              bin/WinyunqBattservice.o (GATT_bm_alloc)
libs/LIB\libCH57xBLE.a(gatt_uuid.o)
                              bin/WinyunqBattservice.o (reportRefUUID)
libs/LIB\libCH57xBLE.a(gattclientapp.o)
                              libs/LIB\libCH57xBLE.a(gatt.o) (gattGetClientStatus)
libs/LIB\libCH57xBLE.a(gattservapp.o)
                              bin/WinyunqBattservice.o (GATTServApp_ReadCharCfg)
libs/LIB\libCH57xBLE.a(l2cap.o)
                              libs/LIB\libCH57xBLE.a(gatt.o) (L2CAP_GetMTU)
libs/LIB\libCH57xBLE.a(l2cap_input.o)
                              libs/LIB\libCH57xBLE.a(l2cap.o) (l2capProcessRxData)
libs/LIB\libCH57xBLE.a(l2cap_output.o)
                              libs/LIB\libCH57xBLE.a(l2cap_input.o) (l2capNotifyData)
libs/LIB\libCH57xBLE.a(l2cap_sdu.o)
                              libs/LIB\libCH57xBLE.a(l2cap_input.o) (l2capBuildDisconnectRsp)
libs/LIB\libCH57xBLE.a(linkdb.o)
                              libs/LIB\libCH57xBLE.a(l2cap.o) (linkDB_Init)
libs/LIB\libCH57xBLE.a(sm.o)  libs/LIB\libCH57xBLE.a(gap.o) (smStartEncryption)
libs/LIB\libCH57xBLE.a(host_input.o)
                              libs/LIB\libCH57xBLE.a(gap.o) (gBleHostPara)
libs/LIB\libCH57xBLE.a(host_output.o)
                              libs/LIB\libCH57xBLE.a(gap.o) (HCI_DisconnectCmd)
libs/LIB\libCH57xBLE.a(ll_connect.o)
                              libs/LIB\libCH57xBLE.a(tmos.o) (LL_GetNextConnectEventTime)
libs/LIB\libCH57xBLE.a(ll_core.o)
                              libs/LIB\libCH57xBLE.a(ll_connect.o) (LL_CoreGetCore)
libs/LIB\libCH57xBLE.a(ll_hop.o)
                              libs/LIB\libCH57xBLE.a(ll_connect.o) (LL_HopGetChannel)
libs/LIB\libCH57xBLE.a(ll_master.o)
                              libs/LIB\libCH57xBLE.a(ll_connect.o) (ll_master_process)
libs/LIB\libCH57xBLE.a(ll_pdu.o)
                              libs/LIB\libCH57xBLE.a(ll_master.o) (LL_ConnectionUpdateReq)
libs/LIB\libCH57xBLE.a(ll_report.o)
                              libs/LIB\libCH57xBLE.a(ll_connect.o) (LL_ReportGenerateEvent)
libs/LIB\libCH57xBLE.a(ll_scan.o)
                              libs/LIB\libCH57xBLE.a(ll_master.o) (LL_ScanEnable)
libs/LIB\libCH57xBLE.a(ll_slave.o)
                              libs/LIB\libCH57xBLE.a(ll_connect.o) (ll_hw_timer_slave_recv_timeout)
libs/LIB\libCH57xBLE.a(ll_whitelist.o)
                              libs/LIB\libCH57xBLE.a(ll_scan.o) (LL_WhitelistLookup)
libs/LIB\libCH57xBLE.a(aes.o)
                              libs/LIB\libCH57xBLE.a(sm.o) (LL_Encrypt)
libs/LIB\libCH57xBLE.a(bb.o)  libs/LIB\libCH57xBLE.a(tmos.o) (BB_DevInit)
libs/LIB\libCH57xBLE.a(dma.o)
                              libs/LIB\libCH57xBLE.a(tmos.o) (DMA_DevInit)
libs/LIB\libCH57xBLE.a(ip.o)  libs/LIB\libCH57xBLE.a(ll_master.o) (ll_tx_wait_finish)
libs/LIB\libCH57xBLE.a(lle.o)
                              libs/LIB\libCH57xBLE.a(tmos.o) (LLE_DevInit)
libs/LIB\libCH57xBLE.a(rf_fh.o)
                              libs/LIB\libCH57xBLE.a(tmos.o) (RF_FrequencyHoppingChange)
libs/LIB\libCH57xBLE.a(rfend.o)
                              libs/LIB\libCH57xBLE.a(ip.o) (RFEND_DevInit)
libs/LIB\libCH57xBLE.a(api_c.o)
                              libs/LIB\libCH57xBLE.a(host_output.o) (API_DisconnectCmd)
libs/LIB\libCH57xBLE.a(ctl_input.o)
                              libs/LIB\libCH57xBLE.a(api_c.o) (LL_Disconnect)
libs/LIB\libCH57xBLE.a(ctl_output.o)
                              libs/LIB\libCH57xBLE.a(api_c.o) (HCI_SetEventMask)
libs/LIB\libCH57xBLE.a(gapbondmgr.o)
                              bin/hiddev.o (GAPBondMgr_GetParameter)
libs/LIB\libCH57xBLE.a(peripheral.o)
                              bin/hidmouse.o (GAPRole_PeripheralConnParamUpdateReq)
libs/LIB\libCH57xBLE.a(role.o)
                              libs/LIB\libCH57xBLE.a(gap.o) (GAPRole_ParamInit)
libs/LIB\libCH57xBLE.a(memory.o)
[...]
Memory Configuration

Name             Origin             Length             Attributes
FLASH            0x0000000000000000 0x0000000000070000 xr
RAM              0x0000000020003800 0x0000000000004800 xrw
*default*        0x0000000000000000 0xffffffffffffffff

Linker script and memory map

LOAD bin/WinyunqConfigureMouse.o
LOAD bin/WinyunqLED.o
LOAD bin/WinyunqMouse.o
LOAD bin/hidmouse.o
LOAD bin/hidmouse_main.o
LOAD bin/KEY.o
LOAD bin/LED.o
LOAD bin/MCU.o
LOAD bin/RTC.o
LOAD bin/SLEEP.o
LOAD bin/WinyunqBattservice.o
LOAD bin/devinfoservice.o
LOAD bin/hiddev.o
LOAD bin/hidmouseservice.o
LOAD bin/scanparamservice.o
LOAD bin/CH57x_adc.o
LOAD bin/CH57x_clk.o
LOAD bin/CH57x_flash.o
LOAD bin/CH57x_gpio.o
LOAD bin/CH57x_pwm.o
LOAD bin/CH57x_pwr.o
LOAD bin/CH57x_spi0.o
LOAD bin/CH57x_sys.o
LOAD bin/CH57x_timer0.o
LOAD bin/CH57x_timer1.o
LOAD bin/CH57x_timer2.o
LOAD bin/CH57x_timer3.o
LOAD bin/CH57x_uart0.o
LOAD bin/CH57x_uart1.o
LOAD bin/CH57x_uart2.o
LOAD bin/CH57x_uart3.o
LOAD bin/CH57x_usbdev.o
LOAD bin/CH57x_usbhostBase.o
LOAD bin/CH57x_usbhostClass.o
LOAD bin/startup_CH573.o
LOAD libs/StdPeriphDriver\libISP573.a
LOAD libs/LIB\libCH57xBLE.a
LOAD d:/vscode/riscv-toolchain/bin/../lib/gcc/riscv-none-embed/10.2.0/rv32imac/ilp32\libgcc.a
LOAD d:/vscode/riscv-toolchain/bin/../lib/gcc/riscv-none-embed/10.2.0/../../../../riscv-none-embed/lib/rv32imac/ilp32\libg_nano.a
LOAD d:/vscode/riscv-toolchain/bin/../lib/gcc/riscv-none-embed/10.2.0/../../../../riscv-none-embed/lib/rv32imac/ilp32\libc_nano.a
LOAD d:/vscode/riscv-toolchain/bin/../lib/gcc/riscv-none-embed/10.2.0/rv32imac/ilp32\libgcc.a
START GROUP
LOAD d:/vscode/riscv-toolchain/bin/../lib/gcc/riscv-none-embed/10.2.0/rv32imac/ilp32\libgcc.a
LOAD d:/vscode/riscv-toolchain/bin/../lib/gcc/riscv-none-embed/10.2.0/../../../../riscv-none-embed/lib/rv32imac/ilp32\libc_nano.a
LOAD d:/vscode/riscv-toolchain/bin/../lib/gcc/riscv-none-embed/10.2.0/../../../../riscv-none-embed/lib/rv32imac/ilp32\libnosys.a
END GROUP
START GROUP
LOAD d:/vscode/riscv-toolchain/bin/../lib/gcc/riscv-none-embed/10.2.0/rv32imac/ilp32\libgcc.a
LOAD d:/vscode/riscv-toolchain/bin/../lib/gcc/riscv-none-embed/10.2.0/../../../../riscv-none-embed/lib/rv32imac/ilp32\libc_nano.a
LOAD d:/vscode/riscv-toolchain/bin/../lib/gcc/riscv-none-embed/10.2.0/../../../../riscv-none-embed/lib/rv32imac/ilp32\libnosys.a
END GROUP

.init           0x0000000000000000        0x4
                0x0000000000000000                _sinit = .
                0x0000000000000000                . = ALIGN (0x4)
 *(SORT_NONE(.init))
 .init          0x0000000000000000        0x4 bin/startup_CH573.o
                0x0000000000000000                _start
                0x0000000000000004                . = ALIGN (0x4)
                0x0000000000000004                _einit = .

.highcodelalign
                0x0000000000000004        0x0
                0x0000000000000004                . = ALIGN (0x4)
                0x0000000000000004                PROVIDE (_highcode_lma = .)

.highcode       0x0000000020003800     0x1494 load address 0x0000000000000004
                0x0000000020003800                . = ALIGN (0x4)
                0x0000000020003800                PROVIDE (_highcode_vma_start = .)
 *(.vector)
 .vector        0x0000000020003800       0x90 bin/startup_CH573.o
 *(SORT_NONE(.vector_handler))
 .vector_handler
                0x0000000020003890       0x2c bin/startup_CH573.o
                0x0000000020003890                NMI_Handler
                0x0000000020003894                SysTick_Handler
                0x0000000020003896                SW_Handler
                0x0000000020003898                TMR0_IRQHandler
                0x000000002000389e                SPI0_IRQHandler
                0x00000000200038a0                BB_IRQHandler
                0x00000000200038a2                LLE_IRQHandler
                0x00000000200038a4                USB_IRQHandler
                0x00000000200038a6                TMR1_IRQHandler
                0x00000000200038a8                TMR2_IRQHandler
                0x00000000200038aa                UART0_IRQHandler
                0x00000000200038ac                UART1_IRQHandler
                0x00000000200038b0                ADC_IRQHandler
                0x00000000200038b2                PWMX_IRQHandler
                0x00000000200038b4                TMR3_IRQHandler
                0x00000000200038b6                UART2_IRQHandler
                0x00000000200038b8                UART3_IRQHandler
                0x00000000200038ba                WDOG_BAT_IRQHandler
 *(.highcode)
 .highcode      0x00000000200038bc       0x98 bin/WinyunqMouse.o
                0x00000000200038bc                GPIOA_IRQHandler
                0x0000000020003908                GPIOB_IRQHandler
 .highcode      0x0000000020003954       0x14 bin/RTC.o
                0x0000000020003954                RTC_IRQHandler
 .highcode      0x0000000020003968      0x296 bin/CH57x_pwr.o
                0x0000000020003968                LowPower_Idle
                0x00000000200039a2                LowPower_Halt
                0x0000000020003a56                LowPower_Sleep
                0x0000000020003b3a                LowPower_Shutdown
 .highcode      0x0000000020003bfe      0x1b4 bin/CH57x_sys.o
                0x0000000020003bfe                SetSysClock
                0x0000000020003d02                SYS_ResetExecute
                0x0000000020003d3e                HardFault_Handler
                0x0000000020003d7c                mDelayuS
                0x0000000020003d8a                mDelaymS
 .highcode      0x0000000020003db2      0x3ee libs/StdPeriphDriver\libISP573.a(ISP573.o)
                0x0000000020003db2                FLASH_ROM_BEG
                0x0000000020003dc4                FLASH_ROM_END
                0x0000000020003dd2                FLASH_ROM_IN
                0x0000000020003de0                FLASH_ROM_OUT
                0x0000000020003dee                FLASH_ROM_ADDR
                0x0000000020003e36                FLASH_ROM_WAIT
                0x0000000020003e6e                FLASH_EEPROM_CMD
 .highcode      0x00000000200041a0      0x23a libs/LIB\libCH57xBLE.a(tmos.o)
                0x00000000200041c0                tmos_memcpy
                0x00000000200041e0                tmos_memcpy_word
                0x00000000200041fc                TMOS_SystemProcess
 .highcode      0x00000000200043da       0xc2 libs/LIB\libCH57xBLE.a(tmos_hw.o)
                0x00000000200043da                BLE_GetHSEClock
                0x0000000020004418                RTC_Get32KClock
                0x0000000020004430                SYS_GetTickCount
 .highcode      0x000000002000449c      0x13a libs/LIB\libCH57xBLE.a(ll_connect.o)
                0x000000002000449c                ll_connect_process_data
                0x00000000200044ea                ll_connect_event_continue
 .highcode      0x00000000200045d6      0x1b8 libs/LIB\libCH57xBLE.a(bb.o)
                0x00000000200045d6                BB_RAM_IRQHandler
 .highcode      0x000000002000478e      0x1a0 libs/LIB\libCH57xBLE.a(ip.o)
                0x000000002000478e                ll_tx_wait_finish
                0x00000000200047b8                ll_tx_wait_tx_dma
                0x0000000020004816                ll_rx_wait_finish
                0x000000002000484a                ll_rx_wait_tx_dma
                0x00000000200048a4                ble_ll_chkcrc
 .highcode      0x000000002000492e      0x17c libs/LIB\libCH57xBLE.a(lle.o)
                0x000000002000492e                LLE_RAM_IRQHandler
 .highcode      0x0000000020004aaa       0x82 libs/LIB\libCH57xBLE.a(rf_fh.o)
                0x0000000020004aaa                RF_HopGetChannel
 .highcode      0x0000000020004b2c       0x2c libs/LIB\libCH57xBLE.a(rfend.o)
                0x0000000020004b2c                RFEND_WaitTune
 .highcode      0x0000000020004b58      0x13a libs/LIB\libCH57xBLE.a(memory.o)
                0x0000000020004b58                tmos_memory_allocate
                0x0000000020004bf2                tmos_memory_free
 *(.highcode.*)
                0x0000000020004c94                . = ALIGN (0x4)
 *fill*         0x0000000020004c92        0x2 
                0x0000000020004c94                PROVIDE (_highcode_vma_end = .)

.text           0x0000000000001498    0x1b870
                0x0000000000001498                . = ALIGN (0x4)
 *(SORT_NONE(.handle_reset))
 .handle_reset  0x0000000000001498       0xa2 bin/startup_CH573.o
                0x0000000000001498                handle_reset
 *(.text)
 .text          0x000000000000153a       0xa8 d:/vscode/riscv-toolchain/bin/../lib/gcc/riscv-none-embed/10.2.0/../../../../riscv-none-embed/lib/rv32imac/ilp32\libg_nano.a(lib_a-memset.o)
                0x000000000000153a                memset
 *(.text.*)
 .text.WinyunqMouseProvideMessageToHostCB
                0x00000000000015e2       0x38 bin/WinyunqConfigureMouse.o
 .text.AddServiceWinyunqMouseConfigure
                0x000000000000161a       0x2c bin/WinyunqConfigureMouse.o
                0x000000000000161a                AddServiceWinyunqMouseConfigure
 .text.ConfigureMouse
                0x0000000000001646       0x42 bin/WinyunqConfigureMouse.o
                0x0000000000001646                ConfigureMouse
 .text.WinyunqMouseGetMessageFromHostCB
                0x0000000000001688       0x32 bin/WinyunqConfigureMouse.o
 .text.DefaultLED
                0x00000000000016ba       0x3a bin/WinyunqLED.o
                0x00000000000016ba                DefaultLED
 .text.WaitConnect
                0x00000000000016f4       0x6a bin/WinyunqLED.o
                0x00000000000016f4                WaitConnect
 .text.FindConnectPower
                0x000000000000175e       0x22 bin/WinyunqLED.o
                0x000000000000175e                FindConnectPower
 .text.LockLED  0x0000000000001780       0x2e bin/WinyunqLED.o
                0x0000000000001780                LockLED
 .text.InitLED  0x00000000000017ae       0x4c bin/WinyunqLED.o
                0x00000000000017ae                InitLED
 .text.MouseInit
                0x00000000000017fa      0x16a bin/WinyunqMouse.o
                0x00000000000017fa                MouseInit
 .text.GoSleep  0x0000000000001964       0x7c bin/WinyunqMouse.o
                0x0000000000001964                GoSleep
 .text.GetTouchSituation
                0x00000000000019e0       0x34 bin/WinyunqMouse.o
                0x00000000000019e0                GetTouchSituation
 .text.MoveBySpeed
                0x0000000000001a14       0x98 bin/WinyunqMouse.o
                0x0000000000001a14                MoveBySpeed
 .text.MoveByLocation
                0x0000000000001aac       0x82 bin/WinyunqMouse.o
                0x0000000000001aac                MoveByLocation
 .text.MouseEvent
                0x0000000000001b2e       0x92 bin/WinyunqMouse.o
                0x0000000000001b2e                MouseEvent
 .text.hidEmuEvtCB
                0x0000000000001bc0        0x2 bin/hidmouse.o
 .text.hidEmuStateCB
                0x0000000000001bc2       0xfe bin/hidmouse.o
 .text.hidEmuRptCB
                0x0000000000001cc0       0x40 bin/hidmouse.o
 .text.HidEmu_ProcessEvent
                0x0000000000001d00       0x76 bin/hidmouse.o
                0x0000000000001d00                HidEmu_ProcessEvent
 .text.HidEmu_Init
                0x0000000000001d76       0xfc bin/hidmouse.o
                0x0000000000001d76                HidEmu_Init
 .text.startup.main
                0x0000000000001e72       0x5a bin/hidmouse_main.o
                0x0000000000001e72                main
 .text.Lib_Read_Flash
                0x0000000000001ecc       0x1c bin/MCU.o
                0x0000000000001ecc                Lib_Read_Flash
 .text.Lib_Write_Flash
                0x0000000000001ee8       0x42 bin/MCU.o
                0x0000000000001ee8                Lib_Write_Flash
 .text.HAL_GetInterTempValue
                0x0000000000001f2a       0x7a bin/MCU.o
                0x0000000000001f2a                HAL_GetInterTempValue
 .text.HAL_ProcessEvent
                0x0000000000001fa4       0x7a bin/MCU.o
                0x0000000000001fa4                HAL_ProcessEvent
 .text.CH57X_BLEInit
                0x000000000000201e      0x114 bin/MCU.o
                0x000000000000201e                CH57X_BLEInit
 .text.HAL_Init
                0x0000000000002132       0x34 bin/MCU.o
                0x0000000000002132                HAL_Init
 .text.HAL_TimeInit
                0x0000000000002166       0x48 bin/RTC.o
                0x0000000000002166                HAL_TimeInit
 .text.battMeasure
                0x00000000000021ae       0x78 bin/WinyunqBattservice.o
 .text.battWriteAttrCB
                0x0000000000002226       0x5a bin/WinyunqBattservice.o
 .text.battReadAttrCB
                0x0000000000002280       0x6e bin/WinyunqBattservice.o
 .text.battNotifyCB
                0x00000000000022ee       0x72 bin/WinyunqBattservice.o
 .text.Batt_AddService
                0x0000000000002360       0x4a bin/WinyunqBattservice.o
                0x0000000000002360                Batt_AddService
 .text.Batt_Register
                0x00000000000023aa        0x6 bin/WinyunqBattservice.o
                0x00000000000023aa                Batt_Register
 .text.Batt_SetParameter
                0x00000000000023b0       0x36 bin/WinyunqBattservice.o
                0x00000000000023b0                Batt_SetParameter
 .text.Batt_GetParameter
                0x00000000000023e6       0x62 bin/WinyunqBattservice.o
                0x00000000000023e6                Batt_GetParameter
 .text.Batt_MeasLevel
                0x0000000000002448       0x1e bin/WinyunqBattservice.o
                0x0000000000002448                Batt_MeasLevel
 .text.PowerTask
                0x0000000000002466       0x20 bin/WinyunqBattservice.o
                0x0000000000002466                PowerTask
 .text.Batt_HandleConnStatusCB
                0x0000000000002486       0x42 bin/WinyunqBattservice.o
                0x0000000000002486                Batt_HandleConnStatusCB
 .text.devInfo_ReadAttrCB
                0x00000000000024c8      0x18e bin/devinfoservice.o
 .text.DevInfo_AddService
                0x0000000000002656       0x18 bin/devinfoservice.o
                0x0000000000002656                DevInfo_AddService
 .text.hidDevScanParamCB
                0x000000000000266e        0x2 bin/hiddev.o
 .text.hidDevRptByHandle
                0x0000000000002670       0x2e bin/hiddev.o
 .text.hidDevBattCB
                0x000000000000269e       0x10 bin/hiddev.o
 .text.hidDevParamUpdateCB
                0x00000000000026ae       0x12 bin/hiddev.o
 .text.hidDevInitialAdvertising
                0x00000000000026c0       0x3c bin/hiddev.o
 .text.HidDev_ProcessEvent
                0x00000000000026fc       0x58 bin/hiddev.o
                0x00000000000026fc                HidDev_ProcessEvent
 .text.hidDevPairStateCB
                0x0000000000002754       0x28 bin/hiddev.o
 .text.hidDevPasscodeCB
                0x000000000000277c       0x36 bin/hiddev.o
 .text.hidDevGapStateCB
                0x00000000000027b2      0x124 bin/hiddev.o
 .text.HidDev_Init
                0x00000000000028d6       0x7c bin/hiddev.o
                0x00000000000028d6                HidDev_Init
 .text.HidDev_Register
                0x0000000000002952        0xa bin/hiddev.o
                0x0000000000002952                HidDev_Register
 .text.HidDev_RegisterReports
                0x000000000000295c        0xa bin/hiddev.o
                0x000000000000295c                HidDev_RegisterReports
 .text.HidDev_Report
                0x0000000000002966      0x12e bin/hiddev.o
                0x0000000000002966                HidDev_Report
 .text.HidDev_ReadAttrCB
                0x0000000000002a94      0x10c bin/hiddev.o
                0x0000000000002a94                HidDev_ReadAttrCB
 .text.HidDev_WriteAttrCB
                0x0000000000002ba0      0x13c bin/hiddev.o
                0x0000000000002ba0                HidDev_WriteAttrCB
 .text.Hid_AddService
                0x0000000000002cdc       0x9e bin/hidmouseservice.o
                0x0000000000002cdc                Hid_AddService
 .text.Hid_SetParameter
                0x0000000000002d7a       0x28 bin/hidmouseservice.o
                0x0000000000002d7a                Hid_SetParameter
 .text.Hid_GetParameter
                0x0000000000002da2       0x28 bin/hidmouseservice.o
                0x0000000000002da2                Hid_GetParameter
 .text.scanParamReadAttrCB
                0x0000000000002dca        0x4 bin/scanparamservice.o
 .text.scanParamWriteAttrCB
                0x0000000000002dce       0x66 bin/scanparamservice.o
 .text.ScanParam_AddService
                0x0000000000002e34       0x30 bin/scanparamservice.o
                0x0000000000002e34                ScanParam_AddService
 .text.ScanParam_Register
                0x0000000000002e64        0x6 bin/scanparamservice.o
                0x0000000000002e64                ScanParam_Register
 .text.ScanParam_RefreshNotify
                0x0000000000002e6a       0x5c bin/scanparamservice.o
                0x0000000000002e6a                ScanParam_RefreshNotify
 .text.ScanParam_HandleConnStatusCB
                0x0000000000002ec6       0x42 bin/scanparamservice.o
                0x0000000000002ec6                ScanParam_HandleConnStatusCB
 .text.ADC_ExtSingleChSampInit
                0x0000000000002f08       0x24 bin/CH57x_adc.o
                0x0000000000002f08                ADC_ExtSingleChSampInit
 .text.ADC_InterTSSampInit
                0x0000000000002f2c       0x28 bin/CH57x_adc.o
                0x0000000000002f2c                ADC_InterTSSampInit
 .text.ADC_ExcutSingleConver
                0x0000000000002f54       0x20 bin/CH57x_adc.o
                0x0000000000002f54                ADC_ExcutSingleConver
 .text.HSECFG_Current
                0x0000000000002f74       0x2a bin/CH57x_clk.o
                0x0000000000002f74                HSECFG_Current
 .text.RTC_InitTime
                0x0000000000002f9e      0x152 bin/CH57x_clk.o
                0x0000000000002f9e                RTC_InitTime
 .text.GPIOA_ModeCfg
                0x00000000000030f0       0x94 bin/CH57x_gpio.o
                0x00000000000030f0                GPIOA_ModeCfg
 .text.GPIOB_ModeCfg
                0x0000000000003184       0x94 bin/CH57x_gpio.o
                0x0000000000003184                GPIOB_ModeCfg
 .text.GPIOB_ITModeCfg
                0x0000000000003218       0x98 bin/CH57x_gpio.o
                0x0000000000003218                GPIOB_ITModeCfg
 .text.PWR_PeriphClkCfg
                0x00000000000032b0       0x2e bin/CH57x_pwr.o
                0x00000000000032b0                PWR_PeriphClkCfg
 .text.PWR_PeriphWakeUpCfg
                0x00000000000032de       0x74 bin/CH57x_pwr.o
                0x00000000000032de                PWR_PeriphWakeUpCfg
 .text.GetSysClock
                0x0000000000003352       0x44 bin/CH57x_sys.o
                0x0000000000003352                GetSysClock
 .text.SYS_GetSysTickCnt
                0x0000000000003396        0xa bin/CH57x_sys.o
                0x0000000000003396                SYS_GetSysTickCnt
 .text._write   0x00000000000033a0       0x2c bin/CH57x_sys.o
                0x00000000000033a0                _write
 .text.UART1_BaudRateCfg
                0x00000000000033cc       0x30 bin/CH57x_uart1.o
                0x00000000000033cc                UART1_BaudRateCfg
 .text.UART1_DefInit
                0x00000000000033fc       0x32 bin/CH57x_uart1.o
                0x00000000000033fc                UART1_DefInit
 .text.tmos_msg_enqueue
                0x000000000000342e       0x1e libs/LIB\libCH57xBLE.a(message.o)
                0x000000000000342e                tmos_msg_enqueue
 .text.tmos_msg_deallocate
                0x000000000000344c       0x2c libs/LIB\libCH57xBLE.a(message.o)
                0x000000000000344c                tmos_msg_deallocate
 .text.tmos_msg_allocate
                0x0000000000003478       0x3e libs/LIB\libCH57xBLE.a(message.o)
                0x0000000000003478                tmos_msg_allocate
 .text.tmos_msg_receive
                0x00000000000034b6       0x68 libs/LIB\libCH57xBLE.a(message.o)
                0x00000000000034b6                tmos_msg_receive
 .text.tmos_msg_send
                0x000000000000351e       0x56 libs/LIB\libCH57xBLE.a(message.o)
                0x000000000000351e                tmos_msg_send
 .text.tmos_msg_init
                0x0000000000003574        0x6 libs/LIB\libCH57xBLE.a(message.o)
                0x0000000000003574                tmos_msg_init
 .text.tmosFindTask
                0x000000000000357a       0x20 libs/LIB\libCH57xBLE.a(tmos.o)
 .text.TMOS_CbTimerProcessEvent
                0x000000000000359a       0x7c libs/LIB\libCH57xBLE.a(tmos.o)
                0x000000000000359a                TMOS_CbTimerProcessEvent
 .text.tmos_rand
                0x0000000000003616       0x54 libs/LIB\libCH57xBLE.a(tmos.o)
                0x0000000000003616                tmos_rand
 .text.tmos_query_sleep_time
                0x000000000000366a      0x18a libs/LIB\libCH57xBLE.a(tmos.o)
                0x000000000000366a                tmos_query_sleep_time
 .text.tmos_memset
                0x00000000000037f4       0x12 libs/LIB\libCH57xBLE.a(tmos.o)
                0x00000000000037f4                tmos_memset
 .text.tmos_strlen
                0x0000000000003806       0x14 libs/LIB\libCH57xBLE.a(tmos.o)
                0x0000000000003806                tmos_strlen
 .text.tmos_memdup
                0x000000000000381a       0x3c libs/LIB\libCH57xBLE.a(tmos.o)
                0x000000000000381a                tmos_memdup
 .text.tmos_memcmp
                0x0000000000003856       0x24 libs/LIB\libCH57xBLE.a(tmos.o)
                0x0000000000003856                tmos_memcmp
 .text.tmos_revmemcpy
                0x000000000000387a       0x1c libs/LIB\libCH57xBLE.a(tmos.o)
                0x000000000000387a                tmos_revmemcpy
 .text.tmos_isbufset
                0x0000000000003896       0x1e libs/LIB\libCH57xBLE.a(tmos.o)
                0x0000000000003896                tmos_isbufset
 .text.TMOS_GetSystemClock
                0x00000000000038b4        0xc libs/LIB\libCH57xBLE.a(tmos.o)
                0x00000000000038b4                TMOS_GetSystemClock
 .text.tmos_set_event
                0x00000000000038c0       0x2a libs/LIB\libCH57xBLE.a(tmos.o)
                0x00000000000038c0                tmos_set_event
 .text.tmos_query_system_time
                0x00000000000038ea       0xae libs/LIB\libCH57xBLE.a(tmos.o)
                0x00000000000038ea                tmos_query_system_time
 .text.tmos_clear_event
                0x0000000000003998       0x2e libs/LIB\libCH57xBLE.a(tmos.o)
                0x0000000000003998                tmos_clear_event
 .text.tmos_start_task
                0x00000000000039c6       0x8e libs/LIB\libCH57xBLE.a(tmos.o)
                0x00000000000039c6                tmos_start_task
 .text.tmos_start_callback_task
                0x0000000000003a54       0xac libs/LIB\libCH57xBLE.a(tmos.o)
                0x0000000000003a54                tmos_start_callback_task
 .text.tmos_start_reload_task
                0x0000000000003b00       0x30 libs/LIB\libCH57xBLE.a(tmos.o)
                0x0000000000003b00                tmos_start_reload_task
 .text.tmos_stop_task
                0x0000000000003b30       0x32 libs/LIB\libCH57xBLE.a(tmos.o)
                0x0000000000003b30                tmos_stop_task
 .text.tmos_stop_callback_task
                0x0000000000003b62       0x5c libs/LIB\libCH57xBLE.a(tmos.o)
                0x0000000000003b62                tmos_stop_callback_task
 .text.tmos_get_task_timer
                0x0000000000003bbe       0x16 libs/LIB\libCH57xBLE.a(tmos.o)
                0x0000000000003bbe                tmos_get_task_timer
 .text.tmos_update_callback_timer
                0x0000000000003bd4       0x62 libs/LIB\libCH57xBLE.a(tmos.o)
                0x0000000000003bd4                tmos_update_callback_timer
 .text.TMOS_TimerRegister
                0x0000000000003c36       0x1a libs/LIB\libCH57xBLE.a(tmos.o)
                0x0000000000003c36                TMOS_TimerRegister
 .text.TMOS_ProcessRegister
                0x0000000000003c50       0x16 libs/LIB\libCH57xBLE.a(tmos.o)
                0x0000000000003c50                TMOS_ProcessRegister
 .text.TMOS_Init
                0x0000000000003c66       0xc2 libs/LIB\libCH57xBLE.a(tmos.o)
                0x0000000000003c66                TMOS_Init
 .text.TMOS_ProcessEventRegister
                0x0000000000003d28       0x38 libs/LIB\libCH57xBLE.a(tmos.o)
                0x0000000000003d28                TMOS_ProcessEventRegister
 .text.BLE_LibInit
                0x0000000000003d60      0x156 libs/LIB\libCH57xBLE.a(tmos.o)
                0x0000000000003d60                BLE_LibInit
 .text.ble_ll_common_rand8
                0x0000000000003eb6       0x24 libs/LIB\libCH57xBLE.a(tmos_hw.o)
                0x0000000000003eb6                ble_ll_common_rand8
 .text.ble_ll_common_rand16
                0x0000000000003eda       0x24 libs/LIB\libCH57xBLE.a(tmos_hw.o)
                0x0000000000003eda                ble_ll_common_rand16
 .text.ble_ll_common_rand32
                0x0000000000003efe       0x20 libs/LIB\libCH57xBLE.a(tmos_hw.o)
                0x0000000000003efe                ble_ll_common_rand32
 .text.ll_hw_temp_sample
                0x0000000000003f1e       0xc0 libs/LIB\libCH57xBLE.a(tmos_hw.o)
                0x0000000000003f1e                ll_hw_temp_sample
 .text.TMOS_TimerInit
                0x0000000000003fde       0x5c libs/LIB\libCH57xBLE.a(tmos_hw.o)
                0x0000000000003fde                TMOS_TimerInit
 .text.tmos_snv_init
                0x000000000000403a       0xba libs/LIB\libCH57xBLE.a(tmos_snv.o)
                0x000000000000403a                tmos_snv_init
 .text.tmos_snv_clear
                0x00000000000040f4       0xac libs/LIB\libCH57xBLE.a(tmos_snv.o)
                0x00000000000040f4                tmos_snv_clear
 .text.tmos_snv_read
                0x00000000000041a0       0xea libs/LIB\libCH57xBLE.a(tmos_snv.o)
                0x00000000000041a0                tmos_snv_read
 .text.tmos_snv_notify
                0x000000000000428a       0x5e libs/LIB\libCH57xBLE.a(tmos_snv.o)
                0x000000000000428a                tmos_snv_notify
 .text.tmos_snv_write
                0x00000000000042e8      0x116 libs/LIB\libCH57xBLE.a(tmos_snv.o)
                0x00000000000042e8                tmos_snv_write
 .text.tmos_snv_compact
                0x00000000000043fe       0x48 libs/LIB\libCH57xBLE.a(tmos_snv.o)
                0x00000000000043fe                tmos_snv_compact
 .text.disconnectNext
                0x0000000000004446       0x22 libs/LIB\libCH57xBLE.a(gap.o)
 .text.GAP_ParamInit
                0x0000000000004468       0x80 libs/LIB\libCH57xBLE.a(gap.o)
                0x0000000000004468                GAP_ParamInit
 .text.sendTerminateEvent
                0x00000000000044e8       0x58 libs/LIB\libCH57xBLE.a(gap.o)
                0x00000000000044e8                sendTerminateEvent
 .text.gapRegisterCentral
                0x0000000000004540        0x6 libs/LIB\libCH57xBLE.a(gap.o)
                0x0000000000004540                gapRegisterCentral
 .text.gapRegisterCentralConn
                0x0000000000004546        0x6 libs/LIB\libCH57xBLE.a(gap.o)
                0x0000000000004546                gapRegisterCentralConn
 .text.gapRegisterPeripheral
                0x000000000000454c        0x6 libs/LIB\libCH57xBLE.a(gap.o)
                0x000000000000454c                gapRegisterPeripheral
 .text.gapRegisterPeripheralConn
                0x0000000000004552        0x6 libs/LIB\libCH57xBLE.a(gap.o)
                0x0000000000004552                gapRegisterPeripheralConn
 .text.smGenerateRandBuf
                0x0000000000004558       0x56 libs/LIB\libCH57xBLE.a(gap.o)
                0x0000000000004558                smGenerateRandBuf
 .text.gapL2capConnParamUpdateReq
                0x00000000000045ae       0x32 libs/LIB\libCH57xBLE.a(gap.o)
                0x00000000000045ae                gapL2capConnParamUpdateReq
 .text.gapValidADType
                0x00000000000045e0       0x16 libs/LIB\libCH57xBLE.a(gap.o)
                0x00000000000045e0                gapValidADType
 .text.gapFindADType
                0x00000000000045f6       0x8e libs/LIB\libCH57xBLE.a(gap.o)
                0x00000000000045f6                gapFindADType
 .text.GAP_SecParamsInit
                0x0000000000004684       0x9a libs/LIB\libCH57xBLE.a(gap.o)
                0x0000000000004684                GAP_SecParamsInit
 .text.GAP_ParamsInit
                0x000000000000471e       0x48 libs/LIB\libCH57xBLE.a(gap.o)
                0x000000000000471e                GAP_ParamsInit
 .text.gapAddAddrAdj
                0x0000000000004766       0x48 libs/LIB\libCH57xBLE.a(gap.o)
                0x0000000000004766                gapAddAddrAdj
 .text.gapDetermineAddrType
                0x00000000000047ae       0x28 libs/LIB\libCH57xBLE.a(gap.o)
                0x00000000000047ae                gapDetermineAddrType
 .text.gapFreeAuthLink
                0x00000000000047d6       0x4a libs/LIB\libCH57xBLE.a(gap.o)
                0x00000000000047d6                gapFreeAuthLink
 .text.gapGetDevAddress
                0x0000000000004820       0x24 libs/LIB\libCH57xBLE.a(gap.o)
                0x0000000000004820                gapGetDevAddress
 .text.gapGetDevAddressMode
                0x0000000000004844        0xa libs/LIB\libCH57xBLE.a(gap.o)
                0x0000000000004844                gapGetDevAddressMode
 .text.gapGetIRK
                0x000000000000484e        0xc libs/LIB\libCH57xBLE.a(gap.o)
                0x000000000000484e                gapGetIRK
 .text.gapGetSRK
                0x000000000000485a        0xc libs/LIB\libCH57xBLE.a(gap.o)
                0x000000000000485a                gapGetSRK
 .text.gapGetSignCounter
                0x0000000000004866        0xe libs/LIB\libCH57xBLE.a(gap.o)
                0x0000000000004866                gapGetSignCounter
 .text.gapIncSignCounter
                0x0000000000004874       0x28 libs/LIB\libCH57xBLE.a(gap.o)
                0x0000000000004874                gapIncSignCounter
 .text.gapProcessConnEvt
                0x000000000000489c       0x48 libs/LIB\libCH57xBLE.a(gap.o)
                0x000000000000489c                gapProcessConnEvt
 .text.gapProcessDisconnectCompleteEvt
                0x00000000000048e4       0xa8 libs/LIB\libCH57xBLE.a(gap.o)
                0x00000000000048e4                gapProcessDisconnectCompleteEvt
 .text.sendAuthEvent
                0x000000000000498c      0x11a libs/LIB\libCH57xBLE.a(gap.o)
                0x000000000000498c                sendAuthEvent
 .text.gapSendBondCompleteEvent
                0x0000000000004aa6       0x70 libs/LIB\libCH57xBLE.a(gap.o)
                0x0000000000004aa6                gapSendBondCompleteEvent
 .text.gapSendPairingReqEvent
                0x0000000000004b16       0x92 libs/LIB\libCH57xBLE.a(gap.o)
                0x0000000000004b16                gapSendPairingReqEvent
 .text.gapSendSlaveSecurityReqEvent
                0x0000000000004ba8       0x68 libs/LIB\libCH57xBLE.a(gap.o)
                0x0000000000004ba8                gapSendSlaveSecurityReqEvent
 .text.gapSendDeviceInitDoneEvent
                0x0000000000004c10       0x88 libs/LIB\libCH57xBLE.a(gap.o)
                0x0000000000004c10                gapSendDeviceInitDoneEvent
 .text.gapSendLinkUpdateEvent
                0x0000000000004c98       0x84 libs/LIB\libCH57xBLE.a(gap.o)
                0x0000000000004c98                gapSendLinkUpdateEvent
 .text.gapSendEstLinkEvent
                0x0000000000004d1c       0xb8 libs/LIB\libCH57xBLE.a(gap.o)
                0x0000000000004d1c                gapSendEstLinkEvent
 .text.gapProcessNewAddr
                0x0000000000004dd4       0x3e libs/LIB\libCH57xBLE.a(gap.o)
                0x0000000000004dd4                gapProcessNewAddr
 .text.gapProcessRandomAddrComplete
                0x0000000000004e12       0xa2 libs/LIB\libCH57xBLE.a(gap.o)
                0x0000000000004e12                gapProcessRandomAddrComplete
 .text.GAP_Authenticate
                0x0000000000004eb4       0xd2 libs/LIB\libCH57xBLE.a(gap.o)
                0x0000000000004eb4                GAP_Authenticate
 .text.GAP_Bond
                0x0000000000004f86       0xa2 libs/LIB\libCH57xBLE.a(gap.o)
                0x0000000000004f86                GAP_Bond
 .text.GAP_GetParamValue
                0x0000000000005028       0x1e libs/LIB\libCH57xBLE.a(gap.o)
                0x0000000000005028                GAP_GetParamValue
 .text.GAP_PasscodeUpdate
                0x0000000000005046       0x50 libs/LIB\libCH57xBLE.a(gap.o)
                0x0000000000005046                GAP_PasscodeUpdate
 .text.GAP_RegisterForMsgs
                0x0000000000005096        0x6 libs/LIB\libCH57xBLE.a(gap.o)
                0x0000000000005096                GAP_RegisterForMsgs
 .text.GAP_ResolvePrivateAddr
                0x000000000000509c        0x4 libs/LIB\libCH57xBLE.a(gap.o)
                0x000000000000509c                GAP_ResolvePrivateAddr
 .text.gapPairingCompleteCB
                0x00000000000050a0      0x188 libs/LIB\libCH57xBLE.a(gap.o)
                0x00000000000050a0                gapPairingCompleteCB
 .text.gapPasskeyNeededCB
                0x0000000000005228       0x8e libs/LIB\libCH57xBLE.a(gap.o)
                0x0000000000005228                gapPasskeyNeededCB
 .text.gapFreeEstLink
                0x00000000000052b6       0x20 libs/LIB\libCH57xBLE.a(gap.o)
                0x00000000000052b6                gapFreeEstLink
 .text.gapUpdateConnSignCounter
                0x00000000000052d6       0x7a libs/LIB\libCH57xBLE.a(gap.o)
                0x00000000000052d6                gapUpdateConnSignCounter
 .text.GAP_SendSlaveSecurityRequest
                0x0000000000005350       0x4c libs/LIB\libCH57xBLE.a(gap.o)
                0x0000000000005350                GAP_SendSlaveSecurityRequest
 .text.GAP_Signable
                0x000000000000539c       0x66 libs/LIB\libCH57xBLE.a(gap.o)
                0x000000000000539c                GAP_Signable
 .text.GAP_TerminateAuth
                0x0000000000005402       0x2a libs/LIB\libCH57xBLE.a(gap.o)
                0x0000000000005402                GAP_TerminateAuth
 .text.GAP_NumActiveConnections
                0x000000000000542c        0x4 libs/LIB\libCH57xBLE.a(gap.o)
                0x000000000000542c                GAP_NumActiveConnections
 .text.GAP_TerminateLinkReq
                0x0000000000005430       0x8e libs/LIB\libCH57xBLE.a(gap.o)
                0x0000000000005430                GAP_TerminateLinkReq
 .text.GAP_SetParamValue
                0x00000000000054be       0x58 libs/LIB\libCH57xBLE.a(gap.o)
                0x00000000000054be                GAP_SetParamValue
 .text.GAP_Init
                0x0000000000005516       0x44 libs/LIB\libCH57xBLE.a(gap.o)
                0x0000000000005516                GAP_Init
 .text.GAP_ProcessEvent
                0x000000000000555a      0x59a libs/LIB\libCH57xBLE.a(gap.o)
                0x000000000000555a                GAP_ProcessEvent
 .text.gapSendScanEnable
                0x0000000000005af4       0x1e libs/LIB\libCH57xBLE.a(gap_central.o)
 .text.gapCentProcessConnEvt
                0x0000000000005b12      0x104 libs/LIB\libCH57xBLE.a(gap_central.o)
                0x0000000000005b12                gapCentProcessConnEvt
 .text.gapCancelLinkReq
                0x0000000000005c16       0x38 libs/LIB\libCH57xBLE.a(gap_central.o)
                0x0000000000005c16                gapCancelLinkReq
 .text.GAP_CentralParamInit
                0x0000000000005c4e       0x4c libs/LIB\libCH57xBLE.a(gap_central.o)
                0x0000000000005c4e                GAP_CentralParamInit
 .text.gapFreeScanRecs
                0x0000000000005c9a       0xa2 libs/LIB\libCH57xBLE.a(gap_central.o)
                0x0000000000005c9a                gapFreeScanRecs
 .text.gapSendDevDiscEvent
                0x0000000000005d3c      0x124 libs/LIB\libCH57xBLE.a(gap_central.o)
                0x0000000000005d3c                gapSendDevDiscEvent
 .text.gapSetScanParamStatus.part.2
                0x0000000000005e60       0x40 libs/LIB\libCH57xBLE.a(gap_central.o)
 .text.gapCentProcessHCICmdEvt
                0x0000000000005ea0       0x3c libs/LIB\libCH57xBLE.a(gap_central.o)
                0x0000000000005ea0                gapCentProcessHCICmdEvt
 .text.gapProcessScanningEvt
                0x0000000000005edc      0x32c libs/LIB\libCH57xBLE.a(gap_central.o)
                0x0000000000005edc                gapProcessScanningEvt
 .text.gapProcessScanningDirectEvt
                0x0000000000006208       0xfe libs/LIB\libCH57xBLE.a(gap_central.o)
                0x0000000000006208                gapProcessScanningDirectEvt
 .text.GAP_CentConnRegister
                0x0000000000006306       0x12 libs/LIB\libCH57xBLE.a(gap_central.o)
                0x0000000000006306                GAP_CentConnRegister
 .text.GAP_CentDevMgrInit
                0x0000000000006318       0x94 libs/LIB\libCH57xBLE.a(gap_central.o)
                0x0000000000006318                GAP_CentDevMgrInit
 .text.gapFreeAdvertState
                0x00000000000063ac       0x20 libs/LIB\libCH57xBLE.a(gap_peripheral.o)
 .text.gapPeriProcessConnEvt
                0x00000000000063cc       0xbc libs/LIB\libCH57xBLE.a(gap_peripheral.o)
 .text.gapSetAdvParams
                0x0000000000006488       0x88 libs/LIB\libCH57xBLE.a(gap_peripheral.o)
 .text.GAP_PeripheralParamInit
                0x0000000000006510       0x4a libs/LIB\libCH57xBLE.a(gap_peripheral.o)
                0x0000000000006510                GAP_PeripheralParamInit
 .text.gapSendMakeDiscEvent
                0x000000000000655a       0x50 libs/LIB\libCH57xBLE.a(gap_peripheral.o)
                0x000000000000655a                gapSendMakeDiscEvent
 .text.gapPeriProcessHCICmdCompleteEvt
                0x00000000000065aa      0x194 libs/LIB\libCH57xBLE.a(gap_peripheral.o)
 .text.GAP_MakeDiscoverable
                0x000000000000673e       0xf2 libs/LIB\libCH57xBLE.a(gap_peripheral.o)
                0x000000000000673e                GAP_MakeDiscoverable
 .text.GAP_EndDiscoverable
                0x0000000000006830       0x5c libs/LIB\libCH57xBLE.a(gap_peripheral.o)
                0x0000000000006830                GAP_EndDiscoverable
 .text.gapProcessAdvertisingEvt
                0x000000000000688c       0x8e libs/LIB\libCH57xBLE.a(gap_peripheral.o)
 .text.GAP_UpdateAdvertisingData
                0x000000000000691a       0xb8 libs/LIB\libCH57xBLE.a(gap_peripheral.o)
                0x000000000000691a                GAP_UpdateAdvertisingData
 .text.GAP_ConfigDeviceAddr
                0x00000000000069d2      0x10e libs/LIB\libCH57xBLE.a(gap_peripheral.o)
                0x00000000000069d2                GAP_ConfigDeviceAddr
 .text.GAP_PeriConnRegister
                0x0000000000006ae0       0x2a libs/LIB\libCH57xBLE.a(gap_peripheral.o)
                0x0000000000006ae0                GAP_PeriConnRegister
 .text.GAP_PeriDevMgrInit
                0x0000000000006b0a       0xbc libs/LIB\libCH57xBLE.a(gap_peripheral.o)
                0x0000000000006b0a                GAP_PeriDevMgrInit
 .text.ggs_SetAttrWPermit
                0x0000000000006bc6       0x68 libs/LIB\libCH57xBLE.a(gapgattserver.o)
 .text.ggs_ReadAttrCB
                0x0000000000006c2e      0x152 libs/LIB\libCH57xBLE.a(gapgattserver.o)
 .text.ggs_WriteAttrCB
                0x0000000000006d80      0x154 libs/LIB\libCH57xBLE.a(gapgattserver.o)
 .text.GGS_ParamInit
                0x0000000000006ed4      0x23a libs/LIB\libCH57xBLE.a(gapgattserver.o)
                0x0000000000006ed4                GGS_ParamInit
 .text.GGS_SetParameter
                0x000000000000710e       0xde libs/LIB\libCH57xBLE.a(gapgattserver.o)
                0x000000000000710e                GGS_SetParameter
 .text.GGS_AddService
                0x00000000000071ec       0x2c libs/LIB\libCH57xBLE.a(gapgattserver.o)
                0x00000000000071ec                GGS_AddService
 .text.GAP_DeviceInit
                0x0000000000007218       0xd8 libs/LIB\libCH57xBLE.a(gapgattserver.o)
                0x0000000000007218                GAP_DeviceInit
 .text.gattGetPayload
                0x00000000000072f0       0x7e libs/LIB\libCH57xBLE.a(gatt.o)
                0x00000000000072f0                gattGetPayload
 .text.gattNotifyEvent
                0x000000000000736e       0x80 libs/LIB\libCH57xBLE.a(gatt.o)
                0x000000000000736e                gattNotifyEvent
 .text.gattSendFlowCtrlEvt
                0x00000000000073ee       0x4a libs/LIB\libCH57xBLE.a(gatt.o)
                0x00000000000073ee                gattSendFlowCtrlEvt
 .text.gattStartTimer
                0x0000000000007438        0xc libs/LIB\libCH57xBLE.a(gatt.o)
                0x0000000000007438                gattStartTimer
 .text.gattStopTimer
                0x0000000000007444       0x32 libs/LIB\libCH57xBLE.a(gatt.o)
                0x0000000000007444                gattStopTimer
 .text.GATT_AppCompletedMsg
                0x0000000000007476       0x30 libs/LIB\libCH57xBLE.a(gatt.o)
                0x0000000000007476                GATT_AppCompletedMsg
 .text.GATT_NotifyEvent
                0x00000000000074a6       0x4e libs/LIB\libCH57xBLE.a(gatt.o)
                0x00000000000074a6                GATT_NotifyEvent
 .text.gattRegisterServer
                0x00000000000074f4        0x6 libs/LIB\libCH57xBLE.a(gatt.o)
                0x00000000000074f4                gattRegisterServer
 .text.GATT_UpdateMTU
                0x00000000000074fa       0x5c libs/LIB\libCH57xBLE.a(gatt.o)
                0x00000000000074fa                GATT_UpdateMTU
 .text.GATT_bm_alloc
                0x0000000000007556       0xe8 libs/LIB\libCH57xBLE.a(gatt.o)
                0x0000000000007556                GATT_bm_alloc
 .text.GATT_ServiceChangedInd
                0x000000000000763e       0x94 libs/LIB\libCH57xBLE.a(gatt.o)
                0x000000000000763e                GATT_ServiceChangedInd
 .text.GATT_bm_free
                0x00000000000076d2       0x1c libs/LIB\libCH57xBLE.a(gatt.o)
                0x00000000000076d2                GATT_bm_free
 .text.GATT_RegisterForPeriMsgs
                0x00000000000076ee        0x6 libs/LIB\libCH57xBLE.a(gatt.o)
                0x00000000000076ee                GATT_RegisterForPeriMsgs
 .text.GATT_Init
                0x00000000000076f4       0x30 libs/LIB\libCH57xBLE.a(gatt.o)
                0x00000000000076f4                GATT_Init
 .text.GATT_ProcessEvent
                0x0000000000007724      0x136 libs/LIB\libCH57xBLE.a(gatt.o)
                0x0000000000007724                GATT_ProcessEvent
 .text.gattProcessExchangeMTUReq
                0x000000000000785a        0x4 libs/LIB\libCH57xBLE.a(gattservapp.o)
 .text.gattServerHandleTimerCB
                0x000000000000785e       0x3c libs/LIB\libCH57xBLE.a(gattservapp.o)
 .text.gattProcessExecuteWriteReq
                0x000000000000789a        0x4 libs/LIB\libCH57xBLE.a(gattservapp.o)
 .text.GATTServApp_ParamInit
                0x000000000000789e       0xd8 libs/LIB\libCH57xBLE.a(gattservapp.o)
                0x000000000000789e                GATTServApp_ParamInit
 .text.GATTServApp_ReadCharCfg
                0x0000000000007976       0x12 libs/LIB\libCH57xBLE.a(gattservapp.o)
                0x0000000000007976                GATTServApp_ReadCharCfg
 .text.GATTServApp_WriteCharCfg
                0x0000000000007988       0x22 libs/LIB\libCH57xBLE.a(gattservapp.o)
                0x0000000000007988                GATTServApp_WriteCharCfg
 .text.GATTServApp_ProcessCCCWriteReq
                0x00000000000079aa       0x60 libs/LIB\libCH57xBLE.a(gattservapp.o)
                0x00000000000079aa                GATTServApp_ProcessCCCWriteReq
 .text.gattServApp_WriteAttrCB
                0x0000000000007a0a       0x34 libs/LIB\libCH57xBLE.a(gattservapp.o)
                0x0000000000007a0a                gattServApp_WriteAttrCB
 .text.GATTServApp_SendCCCUpdatedEvent
                0x0000000000007a3e       0x5e libs/LIB\libCH57xBLE.a(gattservapp.o)
                0x0000000000007a3e                GATTServApp_SendCCCUpdatedEvent
 .text.GATTServApp_SendServiceChangedInd
                0x0000000000007a9c       0x38 libs/LIB\libCH57xBLE.a(gattservapp.o)
                0x0000000000007a9c                GATTServApp_SendServiceChangedInd
 .text.gattServApp_ClearPrepareWriteQ
                0x0000000000007ad4       0x4c libs/LIB\libCH57xBLE.a(gattservapp.o)
                0x0000000000007ad4                gattServApp_ClearPrepareWriteQ
 .text.gattServApp_FindPrepareWriteQ
                0x0000000000007b20       0x32 libs/LIB\libCH57xBLE.a(gattservapp.o)
                0x0000000000007b20                gattServApp_FindPrepareWriteQ
 .text.gattServApp_FindServiceCBs
                0x0000000000007b52       0x18 libs/LIB\libCH57xBLE.a(gattservapp.o)
                0x0000000000007b52                gattServApp_FindServiceCBs
 .text.gattServApp_FindAuthorizeAttrCB
                0x0000000000007b6a       0x16 libs/LIB\libCH57xBLE.a(gattservapp.o)
                0x0000000000007b6a                gattServApp_FindAuthorizeAttrCB
 .text.gattServApp_IsWriteLong
                0x0000000000007b80       0xe6 libs/LIB\libCH57xBLE.a(gattservapp.o)
                0x0000000000007b80                gattServApp_IsWriteLong
 .text.gattFindService
                0x0000000000007c66       0x1c libs/LIB\libCH57xBLE.a(gattservapp.o)
                0x0000000000007c66                gattFindService
 .text.GATT_ServiceNumAttrs
                0x0000000000007c82       0x18 libs/LIB\libCH57xBLE.a(gattservapp.o)
                0x0000000000007c82                GATT_ServiceNumAttrs
 .text.GATT_ServiceEncKeySize
                0x0000000000007c9a       0x18 libs/LIB\libCH57xBLE.a(gattservapp.o)
                0x0000000000007c9a                GATT_ServiceEncKeySize
 .text.GATT_VerifyWritePermissions.part.7
                0x0000000000007cb2       0x2e libs/LIB\libCH57xBLE.a(gattservapp.o)
 .text.gattResetServerInfo
                0x0000000000007ce0       0x1c libs/LIB\libCH57xBLE.a(gattservapp.o)
                0x0000000000007ce0                gattResetServerInfo
 .text.gattFindServerInfo
                0x0000000000007cfc       0x32 libs/LIB\libCH57xBLE.a(gattservapp.o)
                0x0000000000007cfc                gattFindServerInfo
 .text.gattServerHandleConnStatusCB
                0x0000000000007d2e       0x98 libs/LIB\libCH57xBLE.a(gattservapp.o)
                0x0000000000007d2e                gattServerHandleConnStatusCB
 .text.gattServerProcessMsgCB
                0x0000000000007dc6      0x1c0 libs/LIB\libCH57xBLE.a(gattservapp.o)
                0x0000000000007dc6                gattServerProcessMsgCB
 .text.gattServerNotifyTxCB
                0x0000000000007f86       0x28 libs/LIB\libCH57xBLE.a(gattservapp.o)
 .text.GATT_FindHandle
                0x0000000000007fae       0x4a libs/LIB\libCH57xBLE.a(gattservapp.o)
                0x0000000000007fae                GATT_FindHandle
 .text.GATTServApp_WriteAttr
                0x0000000000007ff8       0xa8 libs/LIB\libCH57xBLE.a(gattservapp.o)
                0x0000000000007ff8                GATTServApp_WriteAttr
 .text.gattServApp_ProcessExecuteWriteReq
                0x00000000000080a0      0x100 libs/LIB\libCH57xBLE.a(gattservapp.o)
                0x00000000000080a0                gattServApp_ProcessExecuteWriteReq
 .text.GATTServApp_UpdateCharCfg
                0x00000000000081a0       0x1e libs/LIB\libCH57xBLE.a(gattservapp.o)
                0x00000000000081a0                GATTServApp_UpdateCharCfg
 .text.gattServApp_ProcessPrepareWriteReq
                0x00000000000081be      0x10e libs/LIB\libCH57xBLE.a(gattservapp.o)
                0x00000000000081be                gattServApp_ProcessPrepareWriteReq
 .text.gattServApp_ProcessWriteReq
                0x00000000000082cc       0xb0 libs/LIB\libCH57xBLE.a(gattservapp.o)
                0x00000000000082cc                gattServApp_ProcessWriteReq
 .text.GATT_Indication
                0x000000000000837c       0xa4 libs/LIB\libCH57xBLE.a(gattservapp.o)
                0x000000000000837c                GATT_Indication
 .text.GATT_FindHandleUUID
                0x0000000000008420       0x94 libs/LIB\libCH57xBLE.a(gattservapp.o)
                0x0000000000008420                GATT_FindHandleUUID
 .text.gattProcessReadByGrpTypeReq
                0x00000000000084b4       0x60 libs/LIB\libCH57xBLE.a(gattservapp.o)
 .text.gattProcessReadByTypeReq
                0x0000000000008514       0x34 libs/LIB\libCH57xBLE.a(gattservapp.o)
 .text.gattProcessFindByTypeValueReq
                0x0000000000008548       0x34 libs/LIB\libCH57xBLE.a(gattservapp.o)
 .text.gattProcessFindInfoReq
                0x000000000000857c      0x1aa libs/LIB\libCH57xBLE.a(gattservapp.o)
 .text.GATT_Notification
                0x0000000000008726       0x78 libs/LIB\libCH57xBLE.a(gattservapp.o)
                0x0000000000008726                GATT_Notification
 .text.GATT_VerifyWritePermissions
                0x000000000000879e       0x6a libs/LIB\libCH57xBLE.a(gattservapp.o)
                0x000000000000879e                GATT_VerifyWritePermissions
 .text.gattProcessWriteReq
                0x0000000000008808       0x36 libs/LIB\libCH57xBLE.a(gattservapp.o)
 .text.GATT_VerifyPrepareWritePermissions
                0x000000000000883e       0x56 libs/LIB\libCH57xBLE.a(gattservapp.o)
                0x000000000000883e                GATT_VerifyPrepareWritePermissions
 .text.gattProcessPrepareWriteReq
                0x0000000000008894       0x36 libs/LIB\libCH57xBLE.a(gattservapp.o)
 .text.GATT_FindNextAttr
                0x00000000000088ca       0xc2 libs/LIB\libCH57xBLE.a(gattservapp.o)
                0x00000000000088ca                GATT_FindNextAttr
 .text.GATTServApp_ReadAttr
                0x000000000000898c      0x2e2 libs/LIB\libCH57xBLE.a(gattservapp.o)
                0x000000000000898c                GATTServApp_ReadAttr
 .text.gattServApp_ProcessReadMultiReq
                0x0000000000008c6e      0x16e libs/LIB\libCH57xBLE.a(gattservapp.o)
                0x0000000000008c6e                gattServApp_ProcessReadMultiReq
 .text.gattServApp_ProcessFindByTypeValueReq
                0x0000000000008ddc      0x19c libs/LIB\libCH57xBLE.a(gattservapp.o)
                0x0000000000008ddc                gattServApp_ProcessFindByTypeValueReq
 .text.GATT_VerifyReadPermissions
                0x0000000000008f78       0x68 libs/LIB\libCH57xBLE.a(gattservapp.o)
                0x0000000000008f78                GATT_VerifyReadPermissions
 .text.gattProcessReadMultiReq
                0x0000000000008fe0       0xae libs/LIB\libCH57xBLE.a(gattservapp.o)
 .text.gattProcessReadReq
                0x000000000000908e       0x30 libs/LIB\libCH57xBLE.a(gattservapp.o)
 .text.gattServApp_ProcessReadByGrpTypeReq
                0x00000000000090be      0x21c libs/LIB\libCH57xBLE.a(gattservapp.o)
                0x00000000000090be                gattServApp_ProcessReadByGrpTypeReq
 .text.gattServApp_ProcessReadByTypeReq
                0x00000000000092da      0x1ae libs/LIB\libCH57xBLE.a(gattservapp.o)
                0x00000000000092da                gattServApp_ProcessReadByTypeReq
 .text.GATT_RegisterService
                0x0000000000009488       0xee libs/LIB\libCH57xBLE.a(gattservapp.o)
                0x0000000000009488                GATT_RegisterService
 .text.GATTServApp_RegisterService
                0x0000000000009576       0x7c libs/LIB\libCH57xBLE.a(gattservapp.o)
                0x0000000000009576                GATTServApp_RegisterService
 .text.GATTServApp_AddService
                0x00000000000095f2       0x2c libs/LIB\libCH57xBLE.a(gattservapp.o)
                0x00000000000095f2                GATTServApp_AddService
 .text.GATTServApp_RegisterForMsg
                0x000000000000961e        0x6 libs/LIB\libCH57xBLE.a(gattservapp.o)
                0x000000000000961e                GATTServApp_RegisterForMsg
 .text.GATTServApp_InitCharCfg
                0x0000000000009624       0x1e libs/LIB\libCH57xBLE.a(gattservapp.o)
                0x0000000000009624                GATTServApp_InitCharCfg
 .text.gattServApp_HandleConnStatusCB
                0x0000000000009642       0x74 libs/LIB\libCH57xBLE.a(gattservapp.o)
                0x0000000000009642                gattServApp_HandleConnStatusCB
 .text.GATT_InitServer
                0x00000000000096b6       0xac libs/LIB\libCH57xBLE.a(gattservapp.o)
                0x00000000000096b6                GATT_InitServer
 .text.GATTServApp_Init
                0x0000000000009762       0x3a libs/LIB\libCH57xBLE.a(gattservapp.o)
                0x0000000000009762                GATTServApp_Init
 .text.GATTServApp_ProcessEvent
                0x000000000000979c      0x398 libs/LIB\libCH57xBLE.a(gattservapp.o)
                0x000000000000979c                GATTServApp_ProcessEvent
 .text.l2capAllocConnChannel
                0x0000000000009b34       0xd8 libs/LIB\libCH57xBLE.a(l2cap.o)
                0x0000000000009b34                l2capAllocConnChannel
 .text.l2capFindLocalCID
                0x0000000000009c0c       0x2c libs/LIB\libCH57xBLE.a(l2cap.o)
                0x0000000000009c0c                l2capFindLocalCID
 .text.l2capFindLocalId
                0x0000000000009c38       0x30 libs/LIB\libCH57xBLE.a(l2cap.o)
                0x0000000000009c38                l2capFindLocalId
 .text.l2capFindPsm
                0x0000000000009c68       0x2c libs/LIB\libCH57xBLE.a(l2cap.o)
                0x0000000000009c68                l2capFindPsm
 .text.l2capFindRemoteCID
                0x0000000000009c94       0x3c libs/LIB\libCH57xBLE.a(l2cap.o)
                0x0000000000009c94                l2capFindRemoteCID
 .text.l2capFreeChannel
                0x0000000000009cd0       0x4a libs/LIB\libCH57xBLE.a(l2cap.o)
                0x0000000000009cd0                l2capFreeChannel
 .text.l2capDisconnectChannel
                0x0000000000009d1a       0x28 libs/LIB\libCH57xBLE.a(l2cap.o)
                0x0000000000009d1a                l2capDisconnectChannel
 .text.l2capHandleTimerCB
                0x0000000000009d42       0x2c libs/LIB\libCH57xBLE.a(l2cap.o)
                0x0000000000009d42                l2capHandleTimerCB
 .text.l2capFreePendingPkt
                0x0000000000009d6e       0x58 libs/LIB\libCH57xBLE.a(l2cap.o)
                0x0000000000009d6e                l2capFreePendingPkt
 .text.l2capGetCoChannelInfo
                0x0000000000009dc6       0x7e libs/LIB\libCH57xBLE.a(l2cap.o)
                0x0000000000009dc6                l2capGetCoChannelInfo
 .text.l2capNumActiveChannnels
                0x0000000000009e44       0x44 libs/LIB\libCH57xBLE.a(l2cap.o)
                0x0000000000009e44                l2capNumActiveChannnels
 .text.l2capStartTimer
                0x0000000000009e88       0x1a libs/LIB\libCH57xBLE.a(l2cap.o)
                0x0000000000009e88                l2capStartTimer
 .text.l2capStopTimer
                0x0000000000009ea2       0x1e libs/LIB\libCH57xBLE.a(l2cap.o)
                0x0000000000009ea2                l2capStopTimer
 .text.l2capDisconnectAllChannels
                0x0000000000009ec0       0xdc libs/LIB\libCH57xBLE.a(l2cap.o)
                0x0000000000009ec0                l2capDisconnectAllChannels
 .text.l2capHandleConnStatusCB
                0x0000000000009f9c       0x3c libs/LIB\libCH57xBLE.a(l2cap.o)
                0x0000000000009f9c                l2capHandleConnStatusCB
 .text.l2capHandleRxError
                0x0000000000009fd8        0x6 libs/LIB\libCH57xBLE.a(l2cap.o)
                0x0000000000009fd8                l2capHandleRxError
 .text.L2CAP_GetMTU
                0x0000000000009fde        0x6 libs/LIB\libCH57xBLE.a(l2cap.o)
                0x0000000000009fde                L2CAP_GetMTU
 .text.L2CAP_HostNumCompletedPkts
                0x0000000000009fe4       0x28 libs/LIB\libCH57xBLE.a(l2cap.o)
                0x0000000000009fe4                L2CAP_HostNumCompletedPkts
 .text.L2CAP_ParseConnectReq
                0x000000000000a00c       0x5e libs/LIB\libCH57xBLE.a(l2cap.o)
                0x000000000000a00c                L2CAP_ParseConnectReq
 .text.L2CAP_ParseFlowCtrlCredit
                0x000000000000a06a       0x2e libs/LIB\libCH57xBLE.a(l2cap.o)
                0x000000000000a06a                L2CAP_ParseFlowCtrlCredit
 .text.L2CAP_RegisterApp
                0x000000000000a098       0x30 libs/LIB\libCH57xBLE.a(l2cap.o)
                0x000000000000a098                L2CAP_RegisterApp
 .text.L2CAP_SetBufSize
                0x000000000000a0c8       0x10 libs/LIB\libCH57xBLE.a(l2cap.o)
                0x000000000000a0c8                L2CAP_SetBufSize
 .text.L2CAP_bm_alloc
                0x000000000000a0d8       0x2a libs/LIB\libCH57xBLE.a(l2cap.o)
                0x000000000000a0d8                L2CAP_bm_alloc
 .text.L2CAP_Init
                0x000000000000a102       0xee libs/LIB\libCH57xBLE.a(l2cap.o)
                0x000000000000a102                L2CAP_Init
 .text.L2CAP_ProcessEvent
                0x000000000000a1f0       0xc8 libs/LIB\libCH57xBLE.a(l2cap.o)
                0x000000000000a1f0                L2CAP_ProcessEvent
 .text.l2capParseCmdReject
                0x000000000000a2b8       0x5e libs/LIB\libCH57xBLE.a(l2cap_input.o)
                0x000000000000a2b8                l2capParseCmdReject
 .text.l2capParseDisconnectReq
                0x000000000000a316       0x2e libs/LIB\libCH57xBLE.a(l2cap_input.o)
                0x000000000000a316                l2capParseDisconnectReq
 .text.l2capParseDisconnectRsp
                0x000000000000a344       0x2e libs/LIB\libCH57xBLE.a(l2cap_input.o)
                0x000000000000a344                l2capParseDisconnectRsp
 .text.L2CAP_ParseParamUpdateReq
                0x000000000000a372       0x4e libs/LIB\libCH57xBLE.a(l2cap_input.o)
                0x000000000000a372                L2CAP_ParseParamUpdateReq
 .text.l2capParseParamUpdateRsp
                0x000000000000a3c0       0x1e libs/LIB\libCH57xBLE.a(l2cap_input.o)
                0x000000000000a3c0                l2capParseParamUpdateRsp
 .text.l2capProcessConnectReq
                0x000000000000a3de       0xfc libs/LIB\libCH57xBLE.a(l2cap_input.o)
                0x000000000000a3de                l2capProcessConnectReq
 .text.l2capParseConnectRsp
                0x000000000000a4da       0x5e libs/LIB\libCH57xBLE.a(l2cap_input.o)
                0x000000000000a4da                l2capParseConnectRsp
 .text.l2capParseSignalHdr
                0x000000000000a538       0x22 libs/LIB\libCH57xBLE.a(l2cap_input.o)
                0x000000000000a538                l2capParseSignalHdr
 .text.l2capParsePacket
                0x000000000000a55a       0x8c libs/LIB\libCH57xBLE.a(l2cap_input.o)
                0x000000000000a55a                l2capParsePacket
 .text.l2capProcessReq
                0x000000000000a5e6      0x15a libs/LIB\libCH57xBLE.a(l2cap_input.o)
                0x000000000000a5e6                l2capProcessReq
 .text.l2capProcessRsp
                0x000000000000a740      0x150 libs/LIB\libCH57xBLE.a(l2cap_input.o)
                0x000000000000a740                l2capProcessRsp
 .text.l2capProcessRxData
                0x000000000000a890       0xf8 libs/LIB\libCH57xBLE.a(l2cap_input.o)
                0x000000000000a890                l2capProcessRxData
 .text.l2capNotifyData
                0x000000000000a988       0x5a libs/LIB\libCH57xBLE.a(l2cap_output.o)
                0x000000000000a988                l2capNotifyData
 .text.l2capNotifySignal
                0x000000000000a9e2       0x76 libs/LIB\libCH57xBLE.a(l2cap_output.o)
                0x000000000000a9e2                l2capNotifySignal
 .text.l2capNotifyCreditEvt
                0x000000000000aa58       0x9c libs/LIB\libCH57xBLE.a(l2cap_output.o)
                0x000000000000aa58                l2capNotifyCreditEvt
 .text.l2capNotifyChannelEstEvt
                0x000000000000aaf4       0x58 libs/LIB\libCH57xBLE.a(l2cap_output.o)
                0x000000000000aaf4                l2capNotifyChannelEstEvt
 .text.l2capNotifyChannelTermEvt
                0x000000000000ab4c       0x3e libs/LIB\libCH57xBLE.a(l2cap_output.o)
                0x000000000000ab4c                l2capNotifyChannelTermEvt
 .text.l2capNotifyEvent
                0x000000000000ab8a       0x66 libs/LIB\libCH57xBLE.a(l2cap_output.o)
                0x000000000000ab8a                l2capNotifyEvent
 .text.l2capStoreFCPkt
                0x000000000000abf0       0x32 libs/LIB\libCH57xBLE.a(l2cap_output.o)
                0x000000000000abf0                l2capStoreFCPkt
 .text.l2capFreeTxSDU
                0x000000000000ac22       0x9a libs/LIB\libCH57xBLE.a(l2cap_output.o)
                0x000000000000ac22                l2capFreeTxSDU
 .text.l2capReassembleSegment
                0x000000000000acbc      0x174 libs/LIB\libCH57xBLE.a(l2cap_output.o)
                0x000000000000acbc                l2capReassembleSegment
 .text.l2capEncapSendData
                0x000000000000ae30       0xec libs/LIB\libCH57xBLE.a(l2cap_output.o)
                0x000000000000ae30                l2capEncapSendData
 .text.l2capSendFCPkt.part.3
                0x000000000000af1c       0x70 libs/LIB\libCH57xBLE.a(l2cap_output.o)
 .text.l2capSendSegment
                0x000000000000af8c      0x108 libs/LIB\libCH57xBLE.a(l2cap_output.o)
                0x000000000000af8c                l2capSendSegment
 .text.l2capSendNextSegment
                0x000000000000b094       0xb4 libs/LIB\libCH57xBLE.a(l2cap_output.o)
                0x000000000000b094                l2capSendNextSegment
 .text.l2capSendPkt
                0x000000000000b148       0x3a libs/LIB\libCH57xBLE.a(l2cap_output.o)
                0x000000000000b148                l2capSendPkt
 .text.L2CAP_SendData
                0x000000000000b182       0x78 libs/LIB\libCH57xBLE.a(l2cap_output.o)
                0x000000000000b182                L2CAP_SendData
 .text.l2capSendCmd
                0x000000000000b1fa       0x8a libs/LIB\libCH57xBLE.a(l2cap_output.o)
                0x000000000000b1fa                l2capSendCmd
 .text.l2capSendReq
                0x000000000000b284       0xc4 libs/LIB\libCH57xBLE.a(l2cap_output.o)
                0x000000000000b284                l2capSendReq
 .text.l2capBuildDisconnectReq
                0x000000000000b348       0x28 libs/LIB\libCH57xBLE.a(l2cap_sdu.o)
 .text.l2capBuildParamUpdateReq
                0x000000000000b370       0x4c libs/LIB\libCH57xBLE.a(l2cap_sdu.o)
 .text.l2capBuildParamUpdateRsp
                0x000000000000b3bc       0x16 libs/LIB\libCH57xBLE.a(l2cap_sdu.o)
 .text.l2capBuildConnectRsp
                0x000000000000b3d2       0x5e libs/LIB\libCH57xBLE.a(l2cap_sdu.o)
 .text.l2capBuildCmdReject
                0x000000000000b430       0x62 libs/LIB\libCH57xBLE.a(l2cap_sdu.o)
                0x000000000000b430                l2capBuildCmdReject
 .text.l2capBuildDisconnectRsp
                0x000000000000b492       0x28 libs/LIB\libCH57xBLE.a(l2cap_sdu.o)
                0x000000000000b492                l2capBuildDisconnectRsp
 .text.l2capSendConnectRsp
                0x000000000000b4ba       0xa2 libs/LIB\libCH57xBLE.a(l2cap_sdu.o)
                0x000000000000b4ba                l2capSendConnectRsp
 .text.L2CAP_CmdReject
                0x000000000000b55c       0x12 libs/LIB\libCH57xBLE.a(l2cap_sdu.o)
                0x000000000000b55c                L2CAP_CmdReject
 .text.L2CAP_DisconnectReq
                0x000000000000b56e       0x2a libs/LIB\libCH57xBLE.a(l2cap_sdu.o)
                0x000000000000b56e                L2CAP_DisconnectReq
 .text.L2CAP_ConnParamUpdateReq
                0x000000000000b598       0x16 libs/LIB\libCH57xBLE.a(l2cap_sdu.o)
                0x000000000000b598                L2CAP_ConnParamUpdateReq
 .text.L2CAP_ConnParamUpdateRsp
                0x000000000000b5ae       0x12 libs/LIB\libCH57xBLE.a(l2cap_sdu.o)
                0x000000000000b5ae                L2CAP_ConnParamUpdateRsp
 .text.reportStatusChange
                0x000000000000b5c0       0x3e libs/LIB\libCH57xBLE.a(linkdb.o)
 .text.linkDB_Init
                0x000000000000b5fe       0x76 libs/LIB\libCH57xBLE.a(linkdb.o)
                0x000000000000b5fe                linkDB_Init
 .text.linkDB_Find
                0x000000000000b674       0x2c libs/LIB\libCH57xBLE.a(linkdb.o)
                0x000000000000b674                linkDB_Find
 .text.linkDB_Authen
                0x000000000000b6a0       0x5c libs/LIB\libCH57xBLE.a(linkdb.o)
                0x000000000000b6a0                linkDB_Authen
 .text.linkDB_FindFirst
                0x000000000000b6fc       0x38 libs/LIB\libCH57xBLE.a(linkdb.o)
                0x000000000000b6fc                linkDB_FindFirst
 .text.linkDB_MTU
                0x000000000000b734       0x18 libs/LIB\libCH57xBLE.a(linkdb.o)
                0x000000000000b734                linkDB_MTU
 .text.linkDB_NumActive
                0x000000000000b74c       0x2e libs/LIB\libCH57xBLE.a(linkdb.o)
                0x000000000000b74c                linkDB_NumActive
 .text.linkDB_NumConns
                0x000000000000b77a        0x6 libs/LIB\libCH57xBLE.a(linkdb.o)
                0x000000000000b77a                linkDB_NumConns
 .text.linkDB_Register
                0x000000000000b780       0x28 libs/LIB\libCH57xBLE.a(linkdb.o)
                0x000000000000b780                linkDB_Register
 .text.linkDB_Remove
                0x000000000000b7a8       0x48 libs/LIB\libCH57xBLE.a(linkdb.o)
                0x000000000000b7a8                linkDB_Remove
 .text.linkDB_Role
                0x000000000000b7f0       0x18 libs/LIB\libCH57xBLE.a(linkdb.o)
                0x000000000000b7f0                linkDB_Role
 .text.linkDB_State
                0x000000000000b808       0x30 libs/LIB\libCH57xBLE.a(linkdb.o)
                0x000000000000b808                linkDB_State
 .text.linkDB_UpdateMTU
                0x000000000000b838       0x28 libs/LIB\libCH57xBLE.a(linkdb.o)
                0x000000000000b838                linkDB_UpdateMTU
 .text.linkDB_PerformFunc
                0x000000000000b860       0x52 libs/LIB\libCH57xBLE.a(linkdb.o)
                0x000000000000b860                linkDB_PerformFunc
 .text.linkDB_PeripheralLinkNum
                0x000000000000b8b2       0x3e libs/LIB\libCH57xBLE.a(linkdb.o)
                0x000000000000b8b2                linkDB_PeripheralLinkNum
 .text.linkDB_GetSMEvtID
                0x000000000000b8f0       0x58 libs/LIB\libCH57xBLE.a(linkdb.o)
                0x000000000000b8f0                linkDB_GetSMEvtID
 .text.linkDB_Add
                0x000000000000b948       0xb2 libs/LIB\libCH57xBLE.a(linkdb.o)
                0x000000000000b948                linkDB_Add
 .text.linkDB_GetHandleFromSMEvtID
                0x000000000000b9fa       0x32 libs/LIB\libCH57xBLE.a(linkdb.o)
                0x000000000000b9fa                linkDB_GetHandleFromSMEvtID
 .text.linkDB_GetPairingParam
                0x000000000000ba2c       0x54 libs/LIB\libCH57xBLE.a(linkdb.o)
                0x000000000000ba2c                linkDB_GetPairingParam
 .text.linkDB_NeedSendKey
                0x000000000000ba80       0x42 libs/LIB\libCH57xBLE.a(linkdb.o)
                0x000000000000ba80                linkDB_NeedSendKey
 .text.smpBuildPairingFailed
                0x000000000000bac2       0x1a libs/LIB\libCH57xBLE.a(sm.o)
                0x000000000000bac2                smpBuildPairingFailed
 .text.SM_StartEncryption
                0x000000000000badc       0x98 libs/LIB\libCH57xBLE.a(sm.o)
                0x000000000000badc                SM_StartEncryption
 .text.smpBuildEncInfo
                0x000000000000bb74       0x30 libs/LIB\libCH57xBLE.a(sm.o)
                0x000000000000bb74                smpBuildEncInfo
 .text.smpBuildIdentityAddrInfo
                0x000000000000bba4       0x3a libs/LIB\libCH57xBLE.a(sm.o)
                0x000000000000bba4                smpBuildIdentityAddrInfo
 .text.smpBuildIdentityInfo
                0x000000000000bbde       0x30 libs/LIB\libCH57xBLE.a(sm.o)
                0x000000000000bbde                smpBuildIdentityInfo
 .text.smpBuildMasterID
                0x000000000000bc0e       0x44 libs/LIB\libCH57xBLE.a(sm.o)
                0x000000000000bc0e                smpBuildMasterID
 .text.smpBuildPairingConfirm
                0x000000000000bc52       0x30 libs/LIB\libCH57xBLE.a(sm.o)
                0x000000000000bc52                smpBuildPairingConfirm
 .text.smpBuildPairingRandom
                0x000000000000bc82       0x30 libs/LIB\libCH57xBLE.a(sm.o)
                0x000000000000bc82                smpBuildPairingRandom
 .text.smpBuildSigningInfo
                0x000000000000bcb2       0x30 libs/LIB\libCH57xBLE.a(sm.o)
                0x000000000000bcb2                smpBuildSigningInfo
 .text.SM_ParamInit
                0x000000000000bce2       0x5a libs/LIB\libCH57xBLE.a(sm.o)
                0x000000000000bce2                SM_ParamInit
 .text.smDetermineKeySize
                0x000000000000bd3c       0x20 libs/LIB\libCH57xBLE.a(sm.o)
                0x000000000000bd3c                smDetermineKeySize
 .text.smProcessRandComplete
                0x000000000000bd5c       0x9e libs/LIB\libCH57xBLE.a(sm.o)
                0x000000000000bd5c                smProcessRandComplete
 .text.smSavePairInfo
                0x000000000000bdfa      0x186 libs/LIB\libCH57xBLE.a(sm.o)
                0x000000000000bdfa                smSavePairInfo
 .text.smSetPairingReqRsp
                0x000000000000bf80       0x38 libs/LIB\libCH57xBLE.a(sm.o)
                0x000000000000bf80                smSetPairingReqRsp
 .text.smStartEncryption
                0x000000000000bfb8       0x16 libs/LIB\libCH57xBLE.a(sm.o)
                0x000000000000bfb8                smStartEncryption
 .text.smStartRspTimer
                0x000000000000bfce       0x36 libs/LIB\libCH57xBLE.a(sm.o)
                0x000000000000bfce                smStartRspTimer
 .text.smSendSMMsg
                0x000000000000c004       0x5c libs/LIB\libCH57xBLE.a(sm.o)
                0x000000000000c004                smSendSMMsg
 .text.smGenerateConfirm
                0x000000000000c060       0x34 libs/LIB\libCH57xBLE.a(sm.o)
                0x000000000000c060                smGenerateConfirm
 .text.smGenerateRandMsg
                0x000000000000c094       0x34 libs/LIB\libCH57xBLE.a(sm.o)
                0x000000000000c094                smGenerateRandMsg
 .text.smPairingSendEncInfo
                0x000000000000c0c8       0x10 libs/LIB\libCH57xBLE.a(sm.o)
                0x000000000000c0c8                smPairingSendEncInfo
 .text.smPairingSendIdentityAddrInfo
                0x000000000000c0d8       0x38 libs/LIB\libCH57xBLE.a(sm.o)
                0x000000000000c0d8                smPairingSendIdentityAddrInfo
 .text.smPairingSendIdentityInfo
                0x000000000000c110       0x10 libs/LIB\libCH57xBLE.a(sm.o)
                0x000000000000c110                smPairingSendIdentityInfo
 .text.smPairingSendMasterID
                0x000000000000c120       0x38 libs/LIB\libCH57xBLE.a(sm.o)
                0x000000000000c120                smPairingSendMasterID
 .text.smPairingSendSingingInfo
                0x000000000000c158       0x10 libs/LIB\libCH57xBLE.a(sm.o)
                0x000000000000c158                smPairingSendSingingInfo
 .text.smInitiatorSendNextKeyInfo
                0x000000000000c168      0x1c2 libs/LIB\libCH57xBLE.a(sm.o)
                0x000000000000c168                smInitiatorSendNextKeyInfo
 .text.smResponderSendNextKeyInfo
                0x000000000000c32a      0x216 libs/LIB\libCH57xBLE.a(sm.o)
                0x000000000000c32a                smResponderSendNextKeyInfo
 .text.smGeneratePairingReqRsp
                0x000000000000c540       0x3e libs/LIB\libCH57xBLE.a(sm.o)
                0x000000000000c540                smGeneratePairingReqRsp
 .text.smStopRspTimer
                0x000000000000c57e        0xa libs/LIB\libCH57xBLE.a(sm.o)
                0x000000000000c57e                smStopRspTimer
 .text.smFreePairingParams
                0x000000000000c588       0x68 libs/LIB\libCH57xBLE.a(sm.o)
                0x000000000000c588                smFreePairingParams
 .text.smEndPairing
                0x000000000000c5f0       0x5c libs/LIB\libCH57xBLE.a(sm.o)
                0x000000000000c5f0                smEndPairing
 .text.setupInitiatorKeys
                0x000000000000c64c       0x82 libs/LIB\libCH57xBLE.a(sm.o)
                0x000000000000c64c                setupInitiatorKeys
 .text.smNextPairingState
                0x000000000000c6ce       0x56 libs/LIB\libCH57xBLE.a(sm.o)
                0x000000000000c6ce                smNextPairingState
 .text.smProcessEncryptChange
                0x000000000000c724       0xde libs/LIB\libCH57xBLE.a(sm.o)
                0x000000000000c724                smProcessEncryptChange
 .text.smSendFailAndEnd
                0x000000000000c802       0x38 libs/LIB\libCH57xBLE.a(sm.o)
                0x000000000000c802                smSendFailAndEnd
 .text.smProcessPairingReq
                0x000000000000c83a       0x3c libs/LIB\libCH57xBLE.a(sm.o)
                0x000000000000c83a                smProcessPairingReq
 .text.smLinkCheck
                0x000000000000c876       0x34 libs/LIB\libCH57xBLE.a(sm.o)
                0x000000000000c876                smLinkCheck
 .text.smTimedOut
                0x000000000000c8aa       0x20 libs/LIB\libCH57xBLE.a(sm.o)
                0x000000000000c8aa                smTimedOut
 .text.smUint8ToAuthReq
                0x000000000000c8ca        0x6 libs/LIB\libCH57xBLE.a(sm.o)
                0x000000000000c8ca                smUint8ToAuthReq
 .text.sm_ah    0x000000000000c8d0       0x7e libs/LIB\libCH57xBLE.a(sm.o)
                0x000000000000c8d0                sm_ah
 .text.sm_xor   0x000000000000c94e       0x24 libs/LIB\libCH57xBLE.a(sm.o)
                0x000000000000c94e                sm_xor
 .text.sm_c1new
                0x000000000000c972      0x11c libs/LIB\libCH57xBLE.a(sm.o)
                0x000000000000c972                sm_c1new
 .text.sm_s1    0x000000000000ca8e       0x86 libs/LIB\libCH57xBLE.a(sm.o)
                0x000000000000ca8e                sm_s1
 .text.smResponderProcessLTKReq
                0x000000000000cb14      0x1b8 libs/LIB\libCH57xBLE.a(sm.o)
                0x000000000000cb14                smResponderProcessLTKReq
 .text.xor_128  0x000000000000cccc       0x28 libs/LIB\libCH57xBLE.a(sm.o)
                0x000000000000cccc                xor_128
 .text.leftshift_onebit
                0x000000000000ccf4       0x2e libs/LIB\libCH57xBLE.a(sm.o)
                0x000000000000ccf4                leftshift_onebit
 .text.padding  0x000000000000cd22       0x38 libs/LIB\libCH57xBLE.a(sm.o)
                0x000000000000cd22                padding
 .text.generate_subkey
                0x000000000000cd5a       0xd0 libs/LIB\libCH57xBLE.a(sm.o)
                0x000000000000cd5a                generate_subkey
 .text.sm_CMAC  0x000000000000ce2a      0x16e libs/LIB\libCH57xBLE.a(sm.o)
                0x000000000000ce2a                sm_CMAC
 .text.smpBuildPairingReqRsp
                0x000000000000cf98       0xc6 libs/LIB\libCH57xBLE.a(sm.o)
                0x000000000000cf98                smpBuildPairingReqRsp
 .text.smpBuildPairingReq
                0x000000000000d05e        0xa libs/LIB\libCH57xBLE.a(sm.o)
                0x000000000000d05e                smpBuildPairingReq
 .text.smpBuildPairingRsp
                0x000000000000d068        0xa libs/LIB\libCH57xBLE.a(sm.o)
                0x000000000000d068                smpBuildPairingRsp
 .text.sm_c1    0x000000000000d072       0xb4 libs/LIB\libCH57xBLE.a(sm.o)
                0x000000000000d072                sm_c1
 .text.smpBuildSecurityReq
                0x000000000000d126       0x1a libs/LIB\libCH57xBLE.a(sm.o)
                0x000000000000d126                smpBuildSecurityReq
 .text.smpInitiatorProcessPairingRsp
                0x000000000000d140      0x116 libs/LIB\libCH57xBLE.a(sm.o)
                0x000000000000d140                smpInitiatorProcessPairingRsp
 .text.smpInitiatorProcessIncoming
                0x000000000000d256      0x23e libs/LIB\libCH57xBLE.a(sm.o)
                0x000000000000d256                smpInitiatorProcessIncoming
 .text.smpParseEncInfo
                0x000000000000d494       0x2a libs/LIB\libCH57xBLE.a(sm.o)
                0x000000000000d494                smpParseEncInfo
 .text.smpParseIdentityAddrInfo
                0x000000000000d4be       0x34 libs/LIB\libCH57xBLE.a(sm.o)
                0x000000000000d4be                smpParseIdentityAddrInfo
 .text.smpParseIdentityInfo
                0x000000000000d4f2       0x2a libs/LIB\libCH57xBLE.a(sm.o)
                0x000000000000d4f2                smpParseIdentityInfo
 .text.smpParseMasterID
                0x000000000000d51c       0x3c libs/LIB\libCH57xBLE.a(sm.o)
                0x000000000000d51c                smpParseMasterID
 .text.smpParsePairingConfirm
                0x000000000000d558       0x2a libs/LIB\libCH57xBLE.a(sm.o)
                0x000000000000d558                smpParsePairingConfirm
 .text.smpParsePairingFailed
                0x000000000000d582       0x22 libs/LIB\libCH57xBLE.a(sm.o)
                0x000000000000d582                smpParsePairingFailed
 .text.smpParsePairingRandom
                0x000000000000d5a4       0x2a libs/LIB\libCH57xBLE.a(sm.o)
                0x000000000000d5a4                smpParsePairingRandom
 .text.smpParsePairingReq
                0x000000000000d5ce      0x118 libs/LIB\libCH57xBLE.a(sm.o)
                0x000000000000d5ce                smpParsePairingReq
 .text.smpParseSigningInfo
                0x000000000000d6e6       0x2a libs/LIB\libCH57xBLE.a(sm.o)
                0x000000000000d6e6                smpParseSigningInfo
 .text.smProcessDataMsg
                0x000000000000d710       0xec libs/LIB\libCH57xBLE.a(sm.o)
                0x000000000000d710                smProcessDataMsg
 .text.smProcessTMOSMsg
                0x000000000000d7fc       0xca libs/LIB\libCH57xBLE.a(sm.o)
                0x000000000000d7fc                smProcessTMOSMsg
 .text.smpResponderProcessPairingReq
                0x000000000000d8c6       0xd6 libs/LIB\libCH57xBLE.a(sm.o)
                0x000000000000d8c6                smpResponderProcessPairingReq
 .text.smpResponderProcessIncoming
                0x000000000000d99c      0x24c libs/LIB\libCH57xBLE.a(sm.o)
                0x000000000000d99c                smpResponderProcessIncoming
 .text.SM_CalcRandomAddr
                0x000000000000dbe8       0x54 libs/LIB\libCH57xBLE.a(sm.o)
                0x000000000000dbe8                SM_CalcRandomAddr
 .text.SM_GenerateAuthenSig
                0x000000000000dc3c       0xda libs/LIB\libCH57xBLE.a(sm.o)
                0x000000000000dc3c                SM_GenerateAuthenSig
 .text.SM_Init  0x000000000000dd16       0x26 libs/LIB\libCH57xBLE.a(sm.o)
                0x000000000000dd16                SM_Init
 .text.SM_InitiatorInit
                0x000000000000dd3c       0x1a libs/LIB\libCH57xBLE.a(sm.o)
                0x000000000000dd3c                SM_InitiatorInit
 .text.SM_PasskeyUpdate
                0x000000000000dd56       0xc8 libs/LIB\libCH57xBLE.a(sm.o)
                0x000000000000dd56                SM_PasskeyUpdate
 .text.SM_ProcessEvent
                0x000000000000de1e       0x9e libs/LIB\libCH57xBLE.a(sm.o)
                0x000000000000de1e                SM_ProcessEvent
 .text.SM_ResolveRandomAddrs
                0x000000000000debc       0x5a libs/LIB\libCH57xBLE.a(sm.o)
                0x000000000000debc                SM_ResolveRandomAddrs
 .text.SM_ResponderInit
                0x000000000000df16       0x1a libs/LIB\libCH57xBLE.a(sm.o)
                0x000000000000df16                SM_ResponderInit
 .text.SM_StartPairing
                0x000000000000df30       0xcc libs/LIB\libCH57xBLE.a(sm.o)
                0x000000000000df30                SM_StartPairing
 .text.SM_VerifyAuthenSig
                0x000000000000dffc      0x138 libs/LIB\libCH57xBLE.a(sm.o)
                0x000000000000dffc                SM_VerifyAuthenSig
 .text.HOST_LE_ConnectionCompleteEvent
                0x000000000000e134       0xbe libs/LIB\libCH57xBLE.a(host_input.o)
                0x000000000000e134                HOST_LE_ConnectionCompleteEvent
 .text.HOST_LE_ConnectionUpdateCompleteEvent
                0x000000000000e1f2       0x5c libs/LIB\libCH57xBLE.a(host_input.o)
                0x000000000000e1f2                HOST_LE_ConnectionUpdateCompleteEvent
 .text.HOST_LE_ReadRemoteUsedFeaturesCompleteEvent
                0x000000000000e24e       0x62 libs/LIB\libCH57xBLE.a(host_input.o)
                0x000000000000e24e                HOST_LE_ReadRemoteUsedFeaturesCompleteEvent
 .text.HOST_LE_LongTermKeyRequestEvent
                0x000000000000e2b0       0x60 libs/LIB\libCH57xBLE.a(host_input.o)
                0x000000000000e2b0                HOST_LE_LongTermKeyRequestEvent
 .text.HOST_LE_RemoteConnectionParameterRequestEvent
                0x000000000000e310       0x5c libs/LIB\libCH57xBLE.a(host_input.o)
                0x000000000000e310                HOST_LE_RemoteConnectionParameterRequestEvent
 .text.HOST_RemoteConnectionParameterRequestEvent
                0x000000000000e36c       0x42 libs/LIB\libCH57xBLE.a(host_input.o)
                0x000000000000e36c                HOST_RemoteConnectionParameterRequestEvent
 .text.HOST_LE_DataLengthChangeEvent
                0x000000000000e3ae       0x5c libs/LIB\libCH57xBLE.a(host_input.o)
                0x000000000000e3ae                HOST_LE_DataLengthChangeEvent
 .text.HOST_LE_EnhancedConnectionCompleteEvent
                0x000000000000e40a      0x108 libs/LIB\libCH57xBLE.a(host_input.o)
                0x000000000000e40a                HOST_LE_EnhancedConnectionCompleteEvent
 .text.HOST_DisconnectionCompleteEvent
                0x000000000000e512       0x44 libs/LIB\libCH57xBLE.a(host_input.o)
                0x000000000000e512                HOST_DisconnectionCompleteEvent
 .text.HOST_EncryptionChangeEvent
                0x000000000000e556       0x4c libs/LIB\libCH57xBLE.a(host_input.o)
                0x000000000000e556                HOST_EncryptionChangeEvent
 .text.HOST_ReadRemoteVersionInfoEvent
                0x000000000000e5a2       0x56 libs/LIB\libCH57xBLE.a(host_input.o)
                0x000000000000e5a2                HOST_ReadRemoteVersionInfoEvent
 .text.HOST_CommandCompleteEvent
                0x000000000000e5f8       0x5e libs/LIB\libCH57xBLE.a(host_input.o)
                0x000000000000e5f8                HOST_CommandCompleteEvent
 .text.HOST_CommandStatusEvent
                0x000000000000e656       0x44 libs/LIB\libCH57xBLE.a(host_input.o)
                0x000000000000e656                HOST_CommandStatusEvent
 .text.HOST_DataBufferOverflowEvent
                0x000000000000e69a       0x3a libs/LIB\libCH57xBLE.a(host_input.o)
                0x000000000000e69a                HOST_DataBufferOverflowEvent
 .text.HOST_EncryptionKeyRefreshCompleteEvent
                0x000000000000e6d4       0x3e libs/LIB\libCH57xBLE.a(host_input.o)
                0x000000000000e6d4                HOST_EncryptionKeyRefreshCompleteEvent
 .text.HOST_NumberOfCompletedPacketsEvent
                0x000000000000e712       0x40 libs/LIB\libCH57xBLE.a(host_input.o)
                0x000000000000e712                HOST_NumberOfCompletedPacketsEvent
 .text.HOST_RecvDataPackets
                0x000000000000e752      0x1c6 libs/LIB\libCH57xBLE.a(host_input.o)
                0x000000000000e752                HOST_RecvDataPackets
 .text.HCI_DisconnectCmd
                0x000000000000e918        0x4 libs/LIB\libCH57xBLE.a(host_output.o)
                0x000000000000e918                HCI_DisconnectCmd
 .text.HCI_MB_DisconnectCmd
                0x000000000000e91c        0x4 libs/LIB\libCH57xBLE.a(host_output.o)
                0x000000000000e91c                HCI_MB_DisconnectCmd
 .text.HCI_HostNumCompletedPktCmd
                0x000000000000e920       0x10 libs/LIB\libCH57xBLE.a(host_output.o)
                0x000000000000e920                HCI_HostNumCompletedPktCmd
 .text.HCI_ReadBDADDRCmd
                0x000000000000e930        0x4 libs/LIB\libCH57xBLE.a(host_output.o)
                0x000000000000e930                HCI_ReadBDADDRCmd
 .text.HCI_LE_ReadBufSizeCmd
                0x000000000000e934        0x4 libs/LIB\libCH57xBLE.a(host_output.o)
                0x000000000000e934                HCI_LE_ReadBufSizeCmd
 .text.HCI_LE_SetRandomAddressCmd
                0x000000000000e938        0x4 libs/LIB\libCH57xBLE.a(host_output.o)
                0x000000000000e938                HCI_LE_SetRandomAddressCmd
 .text.HCI_LE_SetAdvParamCmd
                0x000000000000e93c        0x4 libs/LIB\libCH57xBLE.a(host_output.o)
                0x000000000000e93c                HCI_LE_SetAdvParamCmd
 .text.HCI_LE_SetAdvDataCmd
                0x000000000000e940        0x4 libs/LIB\libCH57xBLE.a(host_output.o)
                0x000000000000e940                HCI_LE_SetAdvDataCmd
 .text.HCI_LE_SetScanRspDataCmd
                0x000000000000e944        0x4 libs/LIB\libCH57xBLE.a(host_output.o)
                0x000000000000e944                HCI_LE_SetScanRspDataCmd
 .text.HCI_LE_SetAdvEnableCmd
                0x000000000000e948        0x4 libs/LIB\libCH57xBLE.a(host_output.o)
                0x000000000000e948                HCI_LE_SetAdvEnableCmd
 .text.HCI_LE_SetScanEnableCmd
                0x000000000000e94c        0x4 libs/LIB\libCH57xBLE.a(host_output.o)
                0x000000000000e94c                HCI_LE_SetScanEnableCmd
 .text.HCI_LE_CreateConnCancelCmd
                0x000000000000e950        0x4 libs/LIB\libCH57xBLE.a(host_output.o)
                0x000000000000e950                HCI_LE_CreateConnCancelCmd
 .text.HCI_LE_ClearWhiteListCmd
                0x000000000000e954        0x4 libs/LIB\libCH57xBLE.a(host_output.o)
                0x000000000000e954                HCI_LE_ClearWhiteListCmd
 .text.HCI_LE_AddWhiteListCmd
                0x000000000000e958        0x4 libs/LIB\libCH57xBLE.a(host_output.o)
                0x000000000000e958                HCI_LE_AddWhiteListCmd
 .text.HCI_LE_ConnUpdateCmd
                0x000000000000e95c        0x4 libs/LIB\libCH57xBLE.a(host_output.o)
                0x000000000000e95c                HCI_LE_ConnUpdateCmd
 .text.HCI_LE_RandCmd
                0x000000000000e960        0x4 libs/LIB\libCH57xBLE.a(host_output.o)
                0x000000000000e960                HCI_LE_RandCmd
 .text.HCI_LE_StartEncyptCmd
                0x000000000000e964       0x10 libs/LIB\libCH57xBLE.a(host_output.o)
                0x000000000000e964                HCI_LE_StartEncyptCmd
 .text.HCI_LE_LtkReqReplyCmd
                0x000000000000e974        0x4 libs/LIB\libCH57xBLE.a(host_output.o)
                0x000000000000e974                HCI_LE_LtkReqReplyCmd
 .text.HCI_LE_LtkReqNegReplyCmd
                0x000000000000e978        0x4 libs/LIB\libCH57xBLE.a(host_output.o)
                0x000000000000e978                HCI_LE_LtkReqNegReplyCmd
 .text.HCI_LE_RemoteConnParamReqReplyCmd
                0x000000000000e97c        0x4 libs/LIB\libCH57xBLE.a(host_output.o)
                0x000000000000e97c                HCI_LE_RemoteConnParamReqReplyCmd
 .text.HCI_LE_RemoteConnParamReqNegReplyCmd
                0x000000000000e980        0x4 libs/LIB\libCH57xBLE.a(host_output.o)
                0x000000000000e980                HCI_LE_RemoteConnParamReqNegReplyCmd
 .text.HCI_LE_AddDeviceToResolvingList
                0x000000000000e984        0x4 libs/LIB\libCH57xBLE.a(host_output.o)
                0x000000000000e984                HCI_LE_AddDeviceToResolvingList
 .text.HCI_LE_ClearResolvingList
                0x000000000000e988        0x4 libs/LIB\libCH57xBLE.a(host_output.o)
                0x000000000000e988                HCI_LE_ClearResolvingList
 .text.HCI_LE_SetAddressResolvableEnableCmd
                0x000000000000e98c        0x4 libs/LIB\libCH57xBLE.a(host_output.o)
                0x000000000000e98c                HCI_LE_SetAddressResolvableEnableCmd
 .text.HCI_LE_SetResolvableAddressTimeoutCmd
                0x000000000000e990        0x4 libs/LIB\libCH57xBLE.a(host_output.o)
                0x000000000000e990                HCI_LE_SetResolvableAddressTimeoutCmd
 .text.HCI_SendDataPkt
                0x000000000000e994        0x4 libs/LIB\libCH57xBLE.a(host_output.o)
                0x000000000000e994                HCI_SendDataPkt
 .text.HCI_ValidConnTimeParams
                0x000000000000e998       0x4c libs/LIB\libCH57xBLE.a(host_output.o)
                0x000000000000e998                HCI_ValidConnTimeParams
 .text.ll_connect_auth_timeout
                0x000000000000e9e4       0x16 libs/LIB\libCH57xBLE.a(ll_connect.o)
                0x000000000000e9e4                ll_connect_auth_timeout
 .text.ll_connect_set_auth_timeout
                0x000000000000e9fa       0x56 libs/LIB\libCH57xBLE.a(ll_connect.o)
                0x000000000000e9fa                ll_connect_set_auth_timeout
 .text.ll_connect_set_procedure_timeout
                0x000000000000ea50       0x3c libs/LIB\libCH57xBLE.a(ll_connect.o)
                0x000000000000ea50                ll_connect_set_procedure_timeout
 .text.ll_connect_set_connect_timeout
                0x000000000000ea8c       0x3c libs/LIB\libCH57xBLE.a(ll_connect.o)
                0x000000000000ea8c                ll_connect_set_connect_timeout
 .text.ll_connect_init_dataLen
                0x000000000000eac8       0x88 libs/LIB\libCH57xBLE.a(ll_connect.o)
                0x000000000000eac8                ll_connect_init_dataLen
 .text.ll_connect_init_pingOffset
                0x000000000000eb50       0x2e libs/LIB\libCH57xBLE.a(ll_connect.o)
                0x000000000000eb50                ll_connect_init_pingOffset
 .text.ll_connect_parse_datapdu_head
                0x000000000000eb7e       0x34 libs/LIB\libCH57xBLE.a(ll_connect.o)
                0x000000000000eb7e                ll_connect_parse_datapdu_head
 .text.ll_connect_send_data
                0x000000000000ebb2      0x114 libs/LIB\libCH57xBLE.a(ll_connect.o)
                0x000000000000ebb2                ll_connect_send_data
 .text.ll_connect_flowcontrol_init
                0x000000000000ecc6        0xc libs/LIB\libCH57xBLE.a(ll_connect.o)
                0x000000000000ecc6                ll_connect_flowcontrol_init
 .text.LL_ConnectFlowcontrolTx
                0x000000000000ecd2       0x28 libs/LIB\libCH57xBLE.a(ll_connect.o)
                0x000000000000ecd2                LL_ConnectFlowcontrolTx
 .text.LL_ConnectFlowcontrolRx
                0x000000000000ecfa       0x28 libs/LIB\libCH57xBLE.a(ll_connect.o)
                0x000000000000ecfa                LL_ConnectFlowcontrolRx
 .text.LL_ConnectTxPktnumIncrease
                0x000000000000ed22       0x50 libs/LIB\libCH57xBLE.a(ll_connect.o)
                0x000000000000ed22                LL_ConnectTxPktnumIncrease
 .text.LL_ConnectRxPktnumIncrease
                0x000000000000ed72       0x3e libs/LIB\libCH57xBLE.a(ll_connect.o)
                0x000000000000ed72                LL_ConnectRxPktnumIncrease
 .text.ll_connect_get_slave_number
                0x000000000000edb0       0x20 libs/LIB\libCH57xBLE.a(ll_connect.o)
                0x000000000000edb0                ll_connect_get_slave_number
 .text.ll_connect_update_get_offset
                0x000000000000edd0       0xa8 libs/LIB\libCH57xBLE.a(ll_connect.o)
                0x000000000000edd0                ll_connect_update_get_offset
 .text.ll_connect_get_update_point
                0x000000000000ee78       0x86 libs/LIB\libCH57xBLE.a(ll_connect.o)
                0x000000000000ee78                ll_connect_get_update_point
 .text.ll_master_check_connect_point
                0x000000000000eefe       0xdc libs/LIB\libCH57xBLE.a(ll_connect.o)
                0x000000000000eefe                ll_master_check_connect_point
 .text.ll_slave_check_connect_point
                0x000000000000efda      0x1a6 libs/LIB\libCH57xBLE.a(ll_connect.o)
                0x000000000000efda                ll_slave_check_connect_point
 .text.ll_connect_change_connect_point
                0x000000000000f180      0x20e libs/LIB\libCH57xBLE.a(ll_connect.o)
                0x000000000000f180                ll_connect_change_connect_point
 .text.ll_connect_recv_data
                0x000000000000f38e       0xa0 libs/LIB\libCH57xBLE.a(ll_connect.o)
                0x000000000000f38e                ll_connect_recv_data
 .text.LL_GetNextConnectEventTime
                0x000000000000f42e      0x12c libs/LIB\libCH57xBLE.a(ll_connect.o)
                0x000000000000f42e                LL_GetNextConnectEventTime
 .text.LL_ConnectFreeTmosPrioritID
                0x000000000000f55a       0xde libs/LIB\libCH57xBLE.a(ll_connect.o)
                0x000000000000f55a                LL_ConnectFreeTmosPrioritID
 .text.LL_ConnectToStandby
                0x000000000000f638       0x86 libs/LIB\libCH57xBLE.a(ll_connect.o)
                0x000000000000f638                LL_ConnectToStandby
 .text.ll_connect_action_in_connintervaltimeout
                0x000000000000f6be      0x33c libs/LIB\libCH57xBLE.a(ll_connect.o)
                0x000000000000f6be                ll_connect_action_in_connintervaltimeout
 .text.ll_connect_procedure_timeout
                0x000000000000f9fa       0x2a libs/LIB\libCH57xBLE.a(ll_connect.o)
                0x000000000000f9fa                ll_connect_procedure_timeout